2026-09-25T08:04:28.246-05:00  WARN 24092 --- [MDSERP] [HikariPool-1:connection-adder] com.zaxxer.hikari.pool.PoolBase          : HikariPool-1 - Pool is empty, failed to create/setup connection (6d406cd0-ce5b-4118-837a-98d3866f71ed)

com.microsoft.sqlserver.jdbc.SQLServerException: No se pudo realizar la conexión TCP/IP al host 186.28.243.189, puerto 63139. Error: "No route to host: no further information. Verifique las propiedades de conexión, compruebe que hay una instancia de SQL Server ejecutándose en el host y aceptando las conexiones TCP/IP en el puerto y compruebe que no hay ningún firewall bloqueando las conexiones TCP en el puerto.".
	at com.microsoft.sqlserver.jdbc.SQLServerException.makeFromDriverError(SQLServerException.java:250) ~[mssql-jdbc-12.10.1.jre11.jar:na]
	at com.microsoft.sqlserver.jdbc.SQLServerException.convertConnectExceptionToSQLServerException(SQLServerException.java:316) ~[mssql-jdbc-12.10.1.jre11.jar:na]
	at com.microsoft.sqlserver.jdbc.SocketFinder.findSocket(IOBuffer.java:2593) ~[mssql-jdbc-12.10.1.jre11.jar:na]
	at com.microsoft.sqlserver.jdbc.TDSChannel.open(IOBuffer.java:721) ~[mssql-jdbc-12.10.1.jre11.jar:na]
	at com.microsoft.sqlserver.jdbc.SQLServerConnection.connectHelper(SQLServerConnection.java:4079) ~[mssql-jdbc-12.10.1.jre11.jar:na]
	at com.microsoft.sqlserver.jdbc.SQLServerConnection.login(SQLServerConnection.java:3695) ~[mssql-jdbc-12.10.1.jre11.jar:na]
	at com.microsoft.sqlserver.jdbc.SQLServerConnection.connectInternal(SQLServerConnection.java:3504) ~[mssql-jdbc-12.10.1.jre11.jar:na]
	at com.microsoft.sqlserver.jdbc.SQLServerConnection.connect(SQLServerConnection.java:2212) ~[mssql-jdbc-12.10.1.jre11.jar:na]
	at com.microsoft.sqlserver.jdbc.SQLServerDriver.connect(SQLServerDriver.java:1320) ~[mssql-jdbc-12.10.1.jre11.jar:na]
	at com.zaxxer.hikari.util.DriverDataSource.getConnection(DriverDataSource.java:144) ~[HikariCP-6.3.2.jar:na]
	at com.zaxxer.hikari.pool.PoolBase.newConnection(PoolBase.java:370) ~[HikariCP-6.3.2.jar:na]
	at com.zaxxer.hikari.pool.PoolBase.newPoolEntry(PoolBase.java:207) ~[HikariCP-6.3.2.jar:na]
	at com.zaxxer.hikari.pool.HikariPool.createPoolEntry(HikariPool.java:488) ~[HikariCP-6.3.2.jar:na]
	at com.zaxxer.hikari.pool.HikariPool$PoolEntryCreator.call(HikariPool.java:752) ~[HikariCP-6.3.2.jar:na]
	at com.zaxxer.hikari.pool.HikariPool$PoolEntryCreator.call(HikariPool.java:731) ~[HikariCP-6.3.2.jar:na]
	at java.base/java.util.concurrent.FutureTask.run(FutureTask.java:264) ~[na:na]
	at java.base/java.util.concurrent.ThreadPoolExecutor.runWorker(ThreadPoolExecutor.java:1136) ~[na:na]
	at java.base/java.util.concurrent.ThreadPoolExecutor$Worker.run(ThreadPoolExecutor.java:635) ~[na:na]
	at java.base/java.lang.Thread.run(Thread.java:842) ~[na:na]

2026-09-25T08:04:32.452-05:00  WARN 24092 --- [MDSERP] [HikariPool-2:housekeeper] com.zaxxer.hikari.pool.HikariPool        : HikariPool-2 - Thread starvation or clock leap detected (housekeeper delta=15h2m15s678ms365µs300ns).
2026-09-25T08:04:38.243-05:00  WARN 24092 --- [MDSERP] [RMI TCP Accept-0] sun.rmi.transport.tcp                    : RMI TCP Accept-0: accept loop for ServerSocket[addr=0.0.0.0/0.0.0.0,localport=61249] throws

java.io.IOException: The server sockets created using the LocalRMIServerSocketFactory only accept connections from clients running on the host where the RMI remote objects have been exported.
	at jdk.management.agent/sun.management.jmxremote.LocalRMIServerSocketFactory$1.accept(LocalRMIServerSocketFactory.java:114) ~[na:na]
	at java.rmi/sun.rmi.transport.tcp.TCPTransport$AcceptLoop.executeAcceptLoop(TCPTransport.java:413) ~[na:na]
	at java.rmi/sun.rmi.transport.tcp.TCPTransport$AcceptLoop.run(TCPTransport.java:377) ~[na:na]
	at java.base/java.lang.Thread.run(Thread.java:842) ~[na:na]

2026-09-25T08:04:41.011-05:00  WARN 24092 --- [MDSERP] [RMI TCP Accept-0] sun.rmi.transport.tcp                    : RMI TCP Accept-0: accept loop for ServerSocket[addr=0.0.0.0/0.0.0.0,localport=61249] throws

java.io.IOException: The server sockets created using the LocalRMIServerSocketFactory only accept connections from clients running on the host where the RMI remote objects have been exported.
	at jdk.management.agent/sun.management.jmxremote.LocalRMIServerSocketFactory$1.accept(LocalRMIServerSocketFactory.java:114) ~[na:na]
	at java.rmi/sun.rmi.transport.tcp.TCPTransport$AcceptLoop.executeAcceptLoop(TCPTransport.java:413) ~[na:na]
	at java.rmi/sun.rmi.transport.tcp.TCPTransport$AcceptLoop.run(TCPTransport.java:377) ~[na:na]
	at java.base/java.lang.Thread.run(Thread.java:842) ~[na:na]

2026-09-25T08:04:43.574-05:00  WARN 24092 --- [MDSERP] [RMI TCP Accept-0] sun.rmi.transport.tcp                    : RMI TCP Accept-0: accept loop for ServerSocket[addr=0.0.0.0/0.0.0.0,localport=61249] throws

java.io.IOException: The server sockets created using the LocalRMIServerSocketFactory only accept connections from clients running on the host where the RMI remote objects have been exported.
	at jdk.management.agent/sun.management.jmxremote.LocalRMIServerSocketFactory$1.accept(LocalRMIServerSocketFactory.java:114) ~[na:na]
	at java.rmi/sun.rmi.transport.tcp.TCPTransport$AcceptLoop.executeAcceptLoop(TCPTransport.java:413) ~[na:na]
	at java.rmi/sun.rmi.transport.tcp.TCPTransport$AcceptLoop.run(TCPTransport.java:377) ~[na:na]
	at java.base/java.lang.Thread.run(Thread.java:842) ~[na:na]

2026-09-25T08:04:57.137-05:00  WARN 24092 --- [MDSERP] [HikariPool-1:housekeeper] com.zaxxer.hikari.pool.HikariPool        : HikariPool-1 - Thread starvation or clock leap detected (housekeeper delta=11h2m37s112ms396µs101ns).
2026-09-25T09:53:36.021-05:00  WARN 24092 --- [MDSERP] [HikariPool-1:housekeeper] com.zaxxer.hikari.pool.PoolBase          : HikariPool-1 - Failed to validate connection ConnectionID:119 ClientConnectionId: 8a71b43a-a6d4-46ab-9810-cf75ba468ba1 (La conexión está cerrada.). Possibly consider using a shorter maxLifetime value.
2026-09-25T09:54:48.107-05:00  WARN 24092 --- [MDSERP] [RMI TCP Accept-0] sun.rmi.transport.tcp                    : RMI TCP Accept-0: accept loop for ServerSocket[addr=0.0.0.0/0.0.0.0,localport=61249] throws

java.io.IOException: The server sockets created using the LocalRMIServerSocketFactory only accept connections from clients running on the host where the RMI remote objects have been exported.
	at jdk.management.agent/sun.management.jmxremote.LocalRMIServerSocketFactory$1.accept(LocalRMIServerSocketFactory.java:114) ~[na:na]
	at java.rmi/sun.rmi.transport.tcp.TCPTransport$AcceptLoop.executeAcceptLoop(TCPTransport.java:413) ~[na:na]
	at java.rmi/sun.rmi.transport.tcp.TCPTransport$AcceptLoop.run(TCPTransport.java:377) ~[na:na]
	at java.base/java.lang.Thread.run(Thread.java:842) ~[na:na]

2026-09-25T09:54:48.128-05:00  WARN 24092 --- [MDSERP] [RMI TCP Accept-0] sun.rmi.transport.tcp                    : RMI TCP Accept-0: accept loop for ServerSocket[addr=0.0.0.0/0.0.0.0,localport=61249] throws

java.io.IOException: The server sockets created using the LocalRMIServerSocketFactory only accept connections from clients running on the host where the RMI remote objects have been exported.
	at jdk.management.agent/sun.management.jmxremote.LocalRMIServerSocketFactory$1.accept(LocalRMIServerSocketFactory.java:114) ~[na:na]
	at java.rmi/sun.rmi.transport.tcp.TCPTransport$AcceptLoop.executeAcceptLoop(TCPTransport.java:413) ~[na:na]
	at java.rmi/sun.rmi.transport.tcp.TCPTransport$AcceptLoop.run(TCPTransport.java:377) ~[na:na]
	at java.base/java.lang.Thread.run(Thread.java:842) ~[na:na]

2026-09-25T09:54:49.153-05:00  WARN 24092 --- [MDSERP] [RMI TCP Accept-0] sun.rmi.transport.tcp                    : RMI TCP Accept-0: accept loop for ServerSocket[addr=0.0.0.0/0.0.0.0,localport=61249] throws

java.io.IOException: The server sockets created using the LocalRMIServerSocketFactory only accept connections from clients running on the host where the RMI remote objects have been exported.
	at jdk.management.agent/sun.management.jmxremote.LocalRMIServerSocketFactory$1.accept(LocalRMIServerSocketFactory.java:114) ~[na:na]
	at java.rmi/sun.rmi.transport.tcp.TCPTransport$AcceptLoop.executeAcceptLoop(TCPTransport.java:413) ~[na:na]
	at java.rmi/sun.rmi.transport.tcp.TCPTransport$AcceptLoop.run(TCPTransport.java:377) ~[na:na]
	at java.base/java.lang.Thread.run(Thread.java:842) ~[na:na]

2026-09-25T09:54:51.183-05:00  WARN 24092 --- [MDSERP] [RMI TCP Accept-0] sun.rmi.transport.tcp                    : RMI TCP Accept-0: accept loop for ServerSocket[addr=0.0.0.0/0.0.0.0,localport=61249] throws

java.io.IOException: The server sockets created using the LocalRMIServerSocketFactory only accept connections from clients running on the host where the RMI remote objects have been exported.
	at jdk.management.agent/sun.management.jmxremote.LocalRMIServerSocketFactory$1.accept(LocalRMIServerSocketFactory.java:114) ~[na:na]
	at java.rmi/sun.rmi.transport.tcp.TCPTransport$AcceptLoop.executeAcceptLoop(TCPTransport.java:413) ~[na:na]
	at java.rmi/sun.rmi.transport.tcp.TCPTransport$AcceptLoop.run(TCPTransport.java:377) ~[na:na]
	at java.base/java.lang.Thread.run(Thread.java:842) ~[na:na]

2026-09-25T09:54:55.217-05:00  WARN 24092 --- [MDSERP] [RMI TCP Accept-0] sun.rmi.transport.tcp                    : RMI TCP Accept-0: accept loop for ServerSocket[addr=0.0.0.0/0.0.0.0,localport=61249] throws

java.io.IOException: The server sockets created using the LocalRMIServerSocketFactory only accept connections from clients running on the host where the RMI remote objects have been exported.
	at jdk.management.agent/sun.management.jmxremote.LocalRMIServerSocketFactory$1.accept(LocalRMIServerSocketFactory.java:114) ~[na:na]
	at java.rmi/sun.rmi.transport.tcp.TCPTransport$AcceptLoop.executeAcceptLoop(TCPTransport.java:413) ~[na:na]
	at java.rmi/sun.rmi.transport.tcp.TCPTransport$AcceptLoop.run(TCPTransport.java:377) ~[na:na]
	at java.base/java.lang.Thread.run(Thread.java:842) ~[na:na]

2026-09-25T09:55:03.249-05:00  WARN 24092 --- [MDSERP] [RMI TCP Accept-0] sun.rmi.transport.tcp                    : RMI TCP Accept-0: accept loop for ServerSocket[addr=0.0.0.0/0.0.0.0,localport=61249] throws

java.io.IOException: The server sockets created using the LocalRMIServerSocketFactory only accept connections from clients running on the host where the RMI remote objects have been exported.
	at jdk.management.agent/sun.management.jmxremote.LocalRMIServerSocketFactory$1.accept(LocalRMIServerSocketFactory.java:114) ~[na:na]
	at java.rmi/sun.rmi.transport.tcp.TCPTransport$AcceptLoop.executeAcceptLoop(TCPTransport.java:413) ~[na:na]
	at java.rmi/sun.rmi.transport.tcp.TCPTransport$AcceptLoop.run(TCPTransport.java:377) ~[na:na]
	at java.base/java.lang.Thread.run(Thread.java:842) ~[na:na]

2026-09-25T09:55:19.283-05:00  WARN 24092 --- [MDSERP] [RMI TCP Accept-0] sun.rmi.transport.tcp                    : RMI TCP Accept-0: accept loop for ServerSocket[addr=0.0.0.0/0.0.0.0,localport=61249] throws

java.io.IOException: The server sockets created using the LocalRMIServerSocketFactory only accept connections from clients running on the host where the RMI remote objects have been exported.
	at jdk.management.agent/sun.management.jmxremote.LocalRMIServerSocketFactory$1.accept(LocalRMIServerSocketFactory.java:114) ~[na:na]
	at java.rmi/sun.rmi.transport.tcp.TCPTransport$AcceptLoop.executeAcceptLoop(TCPTransport.java:413) ~[na:na]
	at java.rmi/sun.rmi.transport.tcp.TCPTransport$AcceptLoop.run(TCPTransport.java:377) ~[na:na]
	at java.base/java.lang.Thread.run(Thread.java:842) ~[na:na]

2026-09-25T09:55:51.319-05:00  WARN 24092 --- [MDSERP] [RMI TCP Accept-0] sun.rmi.transport.tcp                    : RMI TCP Accept-0: accept loop for ServerSocket[addr=0.0.0.0/0.0.0.0,localport=61249] throws

java.io.IOException: The server sockets created using the LocalRMIServerSocketFactory only accept connections from clients running on the host where the RMI remote objects have been exported.
	at jdk.management.agent/sun.management.jmxremote.LocalRMIServerSocketFactory$1.accept(LocalRMIServerSocketFactory.java:114) ~[na:na]
	at java.rmi/sun.rmi.transport.tcp.TCPTransport$AcceptLoop.executeAcceptLoop(TCPTransport.java:413) ~[na:na]
	at java.rmi/sun.rmi.transport.tcp.TCPTransport$AcceptLoop.run(TCPTransport.java:377) ~[na:na]
	at java.base/java.lang.Thread.run(Thread.java:842) ~[na:na]

2026-09-25T09:56:55.347-05:00  WARN 24092 --- [MDSERP] [RMI TCP Accept-0] sun.rmi.transport.tcp                    : RMI TCP Accept-0: accept loop for ServerSocket[addr=0.0.0.0/0.0.0.0,localport=61249] throws

java.io.IOException: The server sockets created using the LocalRMIServerSocketFactory only accept connections from clients running on the host where the RMI remote objects have been exported.
	at jdk.management.agent/sun.management.jmxremote.LocalRMIServerSocketFactory$1.accept(LocalRMIServerSocketFactory.java:114) ~[na:na]
	at java.rmi/sun.rmi.transport.tcp.TCPTransport$AcceptLoop.executeAcceptLoop(TCPTransport.java:413) ~[na:na]
	at java.rmi/sun.rmi.transport.tcp.TCPTransport$AcceptLoop.run(TCPTransport.java:377) ~[na:na]
	at java.base/java.lang.Thread.run(Thread.java:842) ~[na:na]

2026-09-25T09:59:03.379-05:00  WARN 24092 --- [MDSERP] [RMI TCP Accept-0] sun.rmi.transport.tcp                    : RMI TCP Accept-0: accept loop for ServerSocket[addr=0.0.0.0/0.0.0.0,localport=61249] throws

java.io.IOException: The server sockets created using the LocalRMIServerSocketFactory only accept connections from clients running on the host where the RMI remote objects have been exported.
	at jdk.management.agent/sun.management.jmxremote.LocalRMIServerSocketFactory$1.accept(LocalRMIServerSocketFactory.java:114) ~[na:na]
	at java.rmi/sun.rmi.transport.tcp.TCPTransport$AcceptLoop.executeAcceptLoop(TCPTransport.java:413) ~[na:na]
	at java.rmi/sun.rmi.transport.tcp.TCPTransport$AcceptLoop.run(TCPTransport.java:377) ~[na:na]
	at java.base/java.lang.Thread.run(Thread.java:842) ~[na:na]

2026-09-25T10:03:19.418-05:00  WARN 24092 --- [MDSERP] [RMI TCP Accept-0] sun.rmi.transport.tcp                    : RMI TCP Accept-0: accept loop for ServerSocket[addr=0.0.0.0/0.0.0.0,localport=61249] throws

java.io.IOException: The server sockets created using the LocalRMIServerSocketFactory only accept connections from clients running on the host where the RMI remote objects have been exported.
	at jdk.management.agent/sun.management.jmxremote.LocalRMIServerSocketFactory$1.accept(LocalRMIServerSocketFactory.java:114) ~[na:na]
	at java.rmi/sun.rmi.transport.tcp.TCPTransport$AcceptLoop.executeAcceptLoop(TCPTransport.java:413) ~[na:na]
	at java.rmi/sun.rmi.transport.tcp.TCPTransport$AcceptLoop.run(TCPTransport.java:377) ~[na:na]
	at java.base/java.lang.Thread.run(Thread.java:842) ~[na:na]

2026-09-25T11:26:19.339-05:00  INFO 24092 --- [MDSERP] [SpringApplicationShutdownHook] o.s.b.w.e.tomcat.GracefulShutdown        : Commencing graceful shutdown. Waiting for active requests to complete
2026-09-25T11:26:19.640-05:00  INFO 24092 --- [MDSERP] [tomcat-shutdown] o.s.b.w.e.tomcat.GracefulShutdown        : Graceful shutdown complete
2026-09-25T11:26:19.868-05:00  INFO 24092 --- [MDSERP] [SpringApplicationShutdownHook] j.LocalContainerEntityManagerFactoryBean : Closing JPA EntityManagerFactory for persistence unit 'default'
2026-09-25T11:26:21.130-05:00  INFO 24092 --- [MDSERP] [SpringApplicationShutdownHook] j.LocalContainerEntityManagerFactoryBean : Closing JPA EntityManagerFactory for persistence unit 'default'
2026-09-25T11:26:21.135-05:00  INFO 24092 --- [MDSERP] [SpringApplicationShutdownHook] com.zaxxer.hikari.HikariDataSource       : HikariPool-1 - Shutdown initiated...
2026-09-25T11:26:21.208-05:00  INFO 24092 --- [MDSERP] [SpringApplicationShutdownHook] com.zaxxer.hikari.HikariDataSource       : HikariPool-1 - Shutdown completed.
2026-09-25T11:26:21.209-05:00  INFO 24092 --- [MDSERP] [SpringApplicationShutdownHook] com.zaxxer.hikari.HikariDataSource       : HikariPool-2 - Shutdown initiated...
2026-09-25T11:26:21.211-05:00  INFO 24092 --- [MDSERP] [SpringApplicationShutdownHook] com.zaxxer.hikari.HikariDataSource       : HikariPool-2 - Shutdown completed.
2026-09-25T13:07:58.475-05:00  INFO 1604 --- [MDSERP] [main] c.p.mdserp.MdserpApplication             : Starting MdserpApplication using Java 17.0.12 with PID 1604 (C:\Users\C-016\Documents\java\MDSERP_Spring\target\classes started by C-016 in C:\Users\C-016\Documents\java\MDSERP_Spring)
2026-09-25T13:07:58.479-05:00  INFO 1604 --- [MDSERP] [main] c.p.mdserp.MdserpApplication             : No active profile set, falling back to 1 default profile: "default"
2026-09-25T13:07:59.455-05:00  INFO 1604 --- [MDSERP] [main] .s.d.r.c.RepositoryConfigurationDelegate : Bootstrapping Spring Data JPA repositories in DEFAULT mode.
2026-09-25T13:07:59.497-05:00  INFO 1604 --- [MDSERP] [main] .s.d.r.c.RepositoryConfigurationDelegate : Finished Spring Data repository scanning in 31 ms. Found 1 JPA repository interface.
2026-09-25T13:07:59.498-05:00  INFO 1604 --- [MDSERP] [main] .s.d.r.c.RepositoryConfigurationDelegate : Bootstrapping Spring Data JPA repositories in DEFAULT mode.
2026-09-25T13:07:59.570-05:00  INFO 1604 --- [MDSERP] [main] .s.d.r.c.RepositoryConfigurationDelegate : Finished Spring Data repository scanning in 70 ms. Found 39 JPA repository interfaces.
2026-09-25T13:08:00.689-05:00  INFO 1604 --- [MDSERP] [main] o.s.b.w.embedded.tomcat.TomcatWebServer  : Tomcat initialized with port 8181 (http)
2026-09-25T13:08:00.706-05:00  INFO 1604 --- [MDSERP] [main] o.apache.catalina.core.StandardService   : Starting service [Tomcat]
2026-09-25T13:08:00.708-05:00  INFO 1604 --- [MDSERP] [main] o.apache.catalina.core.StandardEngine    : Starting Servlet engine: [Apache Tomcat/10.1.44]
2026-09-25T13:08:00.784-05:00  INFO 1604 --- [MDSERP] [main] o.a.c.c.C.[Tomcat].[localhost].[/]       : Initializing Spring embedded WebApplicationContext
2026-09-25T13:08:00.786-05:00  INFO 1604 --- [MDSERP] [main] w.s.c.ServletWebServerApplicationContext : Root WebApplicationContext: initialization completed in 2253 ms
2026-09-25T13:08:01.125-05:00  INFO 1604 --- [MDSERP] [main] o.hibernate.jpa.internal.util.LogHelper  : HHH000204: Processing PersistenceUnitInfo [name: default]
2026-09-25T13:08:01.207-05:00  INFO 1604 --- [MDSERP] [main] org.hibernate.Version                    : HHH000412: Hibernate ORM core version 6.6.26.Final
2026-09-25T13:08:01.255-05:00  INFO 1604 --- [MDSERP] [main] o.h.c.internal.RegionFactoryInitiator    : HHH000026: Second-level cache disabled
2026-09-25T13:08:01.699-05:00  INFO 1604 --- [MDSERP] [main] o.s.o.j.p.SpringPersistenceUnitInfo      : No LoadTimeWeaver setup: ignoring JPA class transformer
2026-09-25T13:08:01.734-05:00  INFO 1604 --- [MDSERP] [main] com.zaxxer.hikari.HikariDataSource       : HikariPool-1 - Starting...
2026-09-25T13:08:02.124-05:00  INFO 1604 --- [MDSERP] [main] com.zaxxer.hikari.pool.HikariPool        : HikariPool-1 - Added connection ConnectionID:1 ClientConnectionId: 63249c98-d9f9-4840-b3f0-9bffc5fe4783
2026-09-25T13:08:02.125-05:00  INFO 1604 --- [MDSERP] [main] com.zaxxer.hikari.HikariDataSource       : HikariPool-1 - Start completed.
2026-09-25T13:08:02.206-05:00  INFO 1604 --- [MDSERP] [main] org.hibernate.orm.connections.pooling    : HHH10001005: Database info:
	Database JDBC URL [Connecting through datasource 'HikariDataSource (HikariPool-1)']
	Database driver: undefined/unknown
	Database version: 12.0
	Autocommit mode: undefined/unknown
	Isolation level: undefined/unknown
	Minimum pool size: undefined/unknown
	Maximum pool size: undefined/unknown
2026-09-25T13:08:03.036-05:00  INFO 1604 --- [MDSERP] [main] o.h.e.t.j.p.i.JtaPlatformInitiator       : HHH000489: No JTA platform available (set 'hibernate.transaction.jta.platform' to enable JTA platform integration)
2026-09-25T13:08:03.040-05:00  INFO 1604 --- [MDSERP] [main] j.LocalContainerEntityManagerFactoryBean : Initialized JPA EntityManagerFactory for persistence unit 'default'
2026-09-25T13:08:03.054-05:00  INFO 1604 --- [MDSERP] [main] o.hibernate.jpa.internal.util.LogHelper  : HHH000204: Processing PersistenceUnitInfo [name: default]
2026-09-25T13:08:03.057-05:00  INFO 1604 --- [MDSERP] [main] o.h.c.internal.RegionFactoryInitiator    : HHH000026: Second-level cache disabled
2026-09-25T13:08:03.195-05:00  INFO 1604 --- [MDSERP] [main] o.s.o.j.p.SpringPersistenceUnitInfo      : No LoadTimeWeaver setup: ignoring JPA class transformer
2026-09-25T13:08:03.196-05:00  INFO 1604 --- [MDSERP] [main] com.zaxxer.hikari.HikariDataSource       : HikariPool-2 - Starting...
2026-09-25T13:08:03.274-05:00  INFO 1604 --- [MDSERP] [main] com.zaxxer.hikari.pool.HikariPool        : HikariPool-2 - Added connection ConnectionID:11 ClientConnectionId: 6fe9d777-4bda-47b6-98fe-02ff6e793382
2026-09-25T13:08:03.275-05:00  INFO 1604 --- [MDSERP] [main] com.zaxxer.hikari.HikariDataSource       : HikariPool-2 - Start completed.
2026-09-25T13:08:03.281-05:00  WARN 1604 --- [MDSERP] [main] org.hibernate.orm.deprecation            : HHH90000025: SQLServerDialect does not need to be specified explicitly using 'hibernate.dialect' (remove the property setting and it will be selected by default)
2026-09-25T13:08:03.285-05:00  INFO 1604 --- [MDSERP] [main] org.hibernate.orm.connections.pooling    : HHH10001005: Database info:
	Database JDBC URL [Connecting through datasource 'HikariDataSource (HikariPool-2)']
	Database driver: undefined/unknown
	Database version: 12.0
	Autocommit mode: undefined/unknown
	Isolation level: undefined/unknown
	Minimum pool size: undefined/unknown
	Maximum pool size: undefined/unknown
2026-09-25T13:08:04.324-05:00  INFO 1604 --- [MDSERP] [main] o.h.e.t.j.p.i.JtaPlatformInitiator       : HHH000489: No JTA platform available (set 'hibernate.transaction.jta.platform' to enable JTA platform integration)
2026-09-25T13:08:04.325-05:00  INFO 1604 --- [MDSERP] [main] j.LocalContainerEntityManagerFactoryBean : Initialized JPA EntityManagerFactory for persistence unit 'default'
2026-09-25T13:08:05.961-05:00  WARN 1604 --- [MDSERP] [main] JpaBaseConfiguration$JpaWebConfiguration : spring.jpa.open-in-view is enabled by default. Therefore, database queries may be performed during view rendering. Explicitly configure spring.jpa.open-in-view to disable this warning
2026-09-25T13:08:06.514-05:00  INFO 1604 --- [MDSERP] [main] o.s.v.b.OptionalValidatorFactoryBean     : Failed to set up a Bean Validation provider: jakarta.validation.NoProviderFoundException: Unable to create a Configuration, because no Jakarta Bean Validation provider could be found. Add a provider like Hibernate Validator (RI) to your classpath.
2026-09-25T13:08:06.912-05:00  INFO 1604 --- [MDSERP] [main] o.s.b.w.embedded.tomcat.TomcatWebServer  : Tomcat started on port 8181 (http) with context path '/'
2026-09-25T13:08:06.927-05:00  INFO 1604 --- [MDSERP] [main] c.p.mdserp.MdserpApplication             : Started MdserpApplication in 9.067 seconds (process running for 9.851)
2026-09-25T13:08:20.264-05:00  INFO 1604 --- [MDSERP] [http-nio-8181-exec-1] o.a.c.c.C.[Tomcat].[localhost].[/]       : Initializing Spring DispatcherServlet 'dispatcherServlet'
2026-09-25T13:08:20.264-05:00  INFO 1604 --- [MDSERP] [http-nio-8181-exec-1] o.s.web.servlet.DispatcherServlet        : Initializing Servlet 'dispatcherServlet'
2026-09-25T13:08:20.265-05:00  INFO 1604 --- [MDSERP] [http-nio-8181-exec-1] o.s.web.servlet.DispatcherServlet        : Completed initialization in 1 ms
2026-09-25T16:40:58.229-05:00  WARN 1604 --- [MDSERP] [HikariPool-1:housekeeper] com.zaxxer.hikari.pool.PoolBase          : HikariPool-1 - Failed to validate connection ConnectionID:157 (La conexión está cerrada.). Possibly consider using a shorter maxLifetime value.
2026-09-25T16:40:58.233-05:00  WARN 1604 --- [MDSERP] [HikariPool-1:housekeeper] com.zaxxer.hikari.pool.HikariPool        : HikariPool-1 - Thread starvation or clock leap detected (housekeeper delta=15m24s175ms653µs600ns).
2026-09-25T16:40:58.333-05:00  WARN 1604 --- [MDSERP] [HikariPool-1:housekeeper] com.zaxxer.hikari.pool.PoolBase          : HikariPool-1 - Failed to validate connection ConnectionID:152 (La conexión está cerrada.). Possibly consider using a shorter maxLifetime value.
2026-09-25T16:40:58.422-05:00  WARN 1604 --- [MDSERP] [HikariPool-1:housekeeper] com.zaxxer.hikari.pool.PoolBase          : HikariPool-1 - Failed to validate connection ConnectionID:142 (La conexión está cerrada.). Possibly consider using a shorter maxLifetime value.
2026-09-25T16:40:58.722-05:00  WARN 1604 --- [MDSERP] [HikariPool-1:housekeeper] com.zaxxer.hikari.pool.PoolBase          : HikariPool-1 - Failed to validate connection ConnectionID:143 (La conexión está cerrada.). Possibly consider using a shorter maxLifetime value.
2026-09-25T16:40:58.787-05:00  WARN 1604 --- [MDSERP] [HikariPool-1:housekeeper] com.zaxxer.hikari.pool.PoolBase          : HikariPool-1 - Failed to validate connection ConnectionID:145 (La conexión está cerrada.). Possibly consider using a shorter maxLifetime value.
2026-09-25T16:40:58.911-05:00  WARN 1604 --- [MDSERP] [HikariPool-1:housekeeper] com.zaxxer.hikari.pool.PoolBase          : HikariPool-1 - Failed to validate connection ConnectionID:148 (La conexión está cerrada.). Possibly consider using a shorter maxLifetime value.
2026-09-25T16:40:59.053-05:00  WARN 1604 --- [MDSERP] [HikariPool-1:housekeeper] com.zaxxer.hikari.pool.PoolBase          : HikariPool-1 - Failed to validate connection ConnectionID:155 (La conexión está cerrada.). Possibly consider using a shorter maxLifetime value.
2026-09-25T16:40:59.065-05:00  WARN 1604 --- [MDSERP] [HikariPool-1:housekeeper] com.zaxxer.hikari.pool.PoolBase          : HikariPool-1 - Failed to validate connection ConnectionID:149 (La conexión está cerrada.). Possibly consider using a shorter maxLifetime value.
2026-09-25T16:40:59.083-05:00  WARN 1604 --- [MDSERP] [HikariPool-1:housekeeper] com.zaxxer.hikari.pool.PoolBase          : HikariPool-1 - Failed to validate connection ConnectionID:147 (La conexión está cerrada.). Possibly consider using a shorter maxLifetime value.
2026-09-25T16:40:59.167-05:00  WARN 1604 --- [MDSERP] [HikariPool-1:housekeeper] com.zaxxer.hikari.pool.PoolBase          : HikariPool-1 - Failed to validate connection ConnectionID:151 (La conexión está cerrada.). Possibly consider using a shorter maxLifetime value.
2026-09-25T20:25:58.005-05:00  WARN 1604 --- [MDSERP] [HikariPool-1:connection-adder] com.zaxxer.hikari.pool.PoolBase          : HikariPool-1 - Pool is empty, failed to create/setup connection (ddaa48a0-6b97-4980-9aa5-5a5508f0183a)

com.microsoft.sqlserver.jdbc.SQLServerException: No se pudo realizar la conexión TCP/IP al host 186.28.243.189, puerto 63139. Error: "No route to host: no further information. Verifique las propiedades de conexión, compruebe que hay una instancia de SQL Server ejecutándose en el host y aceptando las conexiones TCP/IP en el puerto y compruebe que no hay ningún firewall bloqueando las conexiones TCP en el puerto.".
	at com.microsoft.sqlserver.jdbc.SQLServerException.makeFromDriverError(SQLServerException.java:250) ~[mssql-jdbc-12.10.1.jre11.jar:na]
	at com.microsoft.sqlserver.jdbc.SQLServerException.convertConnectExceptionToSQLServerException(SQLServerException.java:316) ~[mssql-jdbc-12.10.1.jre11.jar:na]
	at com.microsoft.sqlserver.jdbc.SocketFinder.findSocket(IOBuffer.java:2593) ~[mssql-jdbc-12.10.1.jre11.jar:na]
	at com.microsoft.sqlserver.jdbc.TDSChannel.open(IOBuffer.java:721) ~[mssql-jdbc-12.10.1.jre11.jar:na]
	at com.microsoft.sqlserver.jdbc.SQLServerConnection.connectHelper(SQLServerConnection.java:4079) ~[mssql-jdbc-12.10.1.jre11.jar:na]
	at com.microsoft.sqlserver.jdbc.SQLServerConnection.login(SQLServerConnection.java:3695) ~[mssql-jdbc-12.10.1.jre11.jar:na]
	at com.microsoft.sqlserver.jdbc.SQLServerConnection.connectInternal(SQLServerConnection.java:3504) ~[mssql-jdbc-12.10.1.jre11.jar:na]
	at com.microsoft.sqlserver.jdbc.SQLServerConnection.connect(SQLServerConnection.java:2212) ~[mssql-jdbc-12.10.1.jre11.jar:na]
	at com.microsoft.sqlserver.jdbc.SQLServerDriver.connect(SQLServerDriver.java:1320) ~[mssql-jdbc-12.10.1.jre11.jar:na]
	at com.zaxxer.hikari.util.DriverDataSource.getConnection(DriverDataSource.java:144) ~[HikariCP-6.3.2.jar:na]
	at com.zaxxer.hikari.pool.PoolBase.newConnection(PoolBase.java:370) ~[HikariCP-6.3.2.jar:na]
	at com.zaxxer.hikari.pool.PoolBase.newPoolEntry(PoolBase.java:207) ~[HikariCP-6.3.2.jar:na]
	at com.zaxxer.hikari.pool.HikariPool.createPoolEntry(HikariPool.java:488) ~[HikariCP-6.3.2.jar:na]
	at com.zaxxer.hikari.pool.HikariPool$PoolEntryCreator.call(HikariPool.java:752) ~[HikariCP-6.3.2.jar:na]
	at com.zaxxer.hikari.pool.HikariPool$PoolEntryCreator.call(HikariPool.java:731) ~[HikariCP-6.3.2.jar:na]
	at java.base/java.util.concurrent.FutureTask.run(FutureTask.java:264) ~[na:na]
	at java.base/java.util.concurrent.ThreadPoolExecutor.runWorker(ThreadPoolExecutor.java:1136) ~[na:na]
	at java.base/java.util.concurrent.ThreadPoolExecutor$Worker.run(ThreadPoolExecutor.java:635) ~[na:na]
	at java.base/java.lang.Thread.run(Thread.java:842) ~[na:na]

2026-09-25T20:25:58.111-05:00  WARN 1604 --- [MDSERP] [HikariPool-2:housekeeper] com.zaxxer.hikari.pool.HikariPool        : HikariPool-2 - Thread starvation or clock leap detected (housekeeper delta=4h22s954ms814µs800ns).
2026-09-25T20:25:58.142-05:00  WARN 1604 --- [MDSERP] [HikariPool-2:housekeeper] com.zaxxer.hikari.pool.PoolBase          : HikariPool-2 - Failed to validate connection ConnectionID:144 (La conexión está cerrada.). Possibly consider using a shorter maxLifetime value.
2026-09-25T20:25:58.177-05:00  WARN 1604 --- [MDSERP] [HikariPool-2:housekeeper] com.zaxxer.hikari.pool.PoolBase          : HikariPool-2 - Failed to validate connection ConnectionID:161 (La conexión está cerrada.). Possibly consider using a shorter maxLifetime value.
2026-09-25T20:25:58.203-05:00  WARN 1604 --- [MDSERP] [HikariPool-2:housekeeper] com.zaxxer.hikari.pool.PoolBase          : HikariPool-2 - Failed to validate connection ConnectionID:156 (La conexión está cerrada.). Possibly consider using a shorter maxLifetime value.
2026-09-25T20:25:58.234-05:00  WARN 1604 --- [MDSERP] [HikariPool-2:housekeeper] com.zaxxer.hikari.pool.PoolBase          : HikariPool-2 - Failed to validate connection ConnectionID:159 (La conexión está cerrada.). Possibly consider using a shorter maxLifetime value.
2026-09-25T20:25:58.261-05:00  WARN 1604 --- [MDSERP] [HikariPool-2:housekeeper] com.zaxxer.hikari.pool.PoolBase          : HikariPool-2 - Failed to validate connection ConnectionID:154 (La conexión está cerrada.). Possibly consider using a shorter maxLifetime value.
2026-09-25T20:25:58.317-05:00  WARN 1604 --- [MDSERP] [HikariPool-2:housekeeper] com.zaxxer.hikari.pool.PoolBase          : HikariPool-2 - Failed to validate connection ConnectionID:150 (La conexión está cerrada.). Possibly consider using a shorter maxLifetime value.
2026-09-25T20:25:58.346-05:00  WARN 1604 --- [MDSERP] [HikariPool-2:housekeeper] com.zaxxer.hikari.pool.PoolBase          : HikariPool-2 - Failed to validate connection ConnectionID:153 (La conexión está cerrada.). Possibly consider using a shorter maxLifetime value.
2026-09-25T20:25:58.364-05:00  WARN 1604 --- [MDSERP] [HikariPool-2:housekeeper] com.zaxxer.hikari.pool.PoolBase          : HikariPool-2 - Failed to validate connection ConnectionID:160 (La conexión está cerrada.). Possibly consider using a shorter maxLifetime value.
2026-09-25T20:25:58.396-05:00  WARN 1604 --- [MDSERP] [HikariPool-2:housekeeper] com.zaxxer.hikari.pool.PoolBase          : HikariPool-2 - Failed to validate connection ConnectionID:146 (La conexión está cerrada.). Possibly consider using a shorter maxLifetime value.
2026-09-25T20:25:58.414-05:00  WARN 1604 --- [MDSERP] [HikariPool-2:housekeeper] com.zaxxer.hikari.pool.PoolBase          : HikariPool-2 - Failed to validate connection ConnectionID:158 (La conexión está cerrada.). Possibly consider using a shorter maxLifetime value.
