2026-09-26T07:54:00.379-05:00  WARN 1604 --- [MDSERP] [HikariPool-1:connection-adder] com.zaxxer.hikari.pool.PoolBase          : HikariPool-1 - Pool is empty, failed to create/setup connection (d5ac12ce-ff6c-42bc-9bd3-9c8787ca7141)

com.microsoft.sqlserver.jdbc.SQLServerException: No se pudo realizar la conexión TCP/IP al host 186.28.243.189, puerto 63139. Error: "No route to host: no further information. Verifique las propiedades de conexión, compruebe que hay una instancia de SQL Server ejecutándose en el host y aceptando las conexiones TCP/IP en el puerto y compruebe que no hay ningún firewall bloqueando las conexiones TCP en el puerto.".
	at com.microsoft.sqlserver.jdbc.SQLServerException.makeFromDriverError(SQLServerException.java:250) ~[mssql-jdbc-12.10.1.jre11.jar:na]
	at com.microsoft.sqlserver.jdbc.SQLServerException.convertConnectExceptionToSQLServerException(SQLServerException.java:316) ~[mssql-jdbc-12.10.1.jre11.jar:na]
	at com.microsoft.sqlserver.jdbc.SocketFinder.findSocket(IOBuffer.java:2593) ~[mssql-jdbc-12.10.1.jre11.jar:na]
	at com.microsoft.sqlserver.jdbc.TDSChannel.open(IOBuffer.java:721) ~[mssql-jdbc-12.10.1.jre11.jar:na]
	at com.microsoft.sqlserver.jdbc.SQLServerConnection.connectHelper(SQLServerConnection.java:4079) ~[mssql-jdbc-12.10.1.jre11.jar:na]
	at com.microsoft.sqlserver.jdbc.SQLServerConnection.login(SQLServerConnection.java:3695) ~[mssql-jdbc-12.10.1.jre11.jar:na]
	at com.microsoft.sqlserver.jdbc.SQLServerConnection.connectInternal(SQLServerConnection.java:3504) ~[mssql-jdbc-12.10.1.jre11.jar:na]
	at com.microsoft.sqlserver.jdbc.SQLServerConnection.connect(SQLServerConnection.java:2212) ~[mssql-jdbc-12.10.1.jre11.jar:na]
	at com.microsoft.sqlserver.jdbc.SQLServerDriver.connect(SQLServerDriver.java:1320) ~[mssql-jdbc-12.10.1.jre11.jar:na]
	at com.zaxxer.hikari.util.DriverDataSource.getConnection(DriverDataSource.java:144) ~[HikariCP-6.3.2.jar:na]
	at com.zaxxer.hikari.pool.PoolBase.newConnection(PoolBase.java:370) ~[HikariCP-6.3.2.jar:na]
	at com.zaxxer.hikari.pool.PoolBase.newPoolEntry(PoolBase.java:207) ~[HikariCP-6.3.2.jar:na]
	at com.zaxxer.hikari.pool.HikariPool.createPoolEntry(HikariPool.java:488) ~[HikariCP-6.3.2.jar:na]
	at com.zaxxer.hikari.pool.HikariPool$PoolEntryCreator.call(HikariPool.java:752) ~[HikariCP-6.3.2.jar:na]
	at com.zaxxer.hikari.pool.HikariPool$PoolEntryCreator.call(HikariPool.java:731) ~[HikariCP-6.3.2.jar:na]
	at java.base/java.util.concurrent.FutureTask.run(FutureTask.java:264) ~[na:na]
	at java.base/java.util.concurrent.ThreadPoolExecutor.runWorker(ThreadPoolExecutor.java:1136) ~[na:na]
	at java.base/java.util.concurrent.ThreadPoolExecutor$Worker.run(ThreadPoolExecutor.java:635) ~[na:na]
	at java.base/java.lang.Thread.run(Thread.java:842) ~[na:na]

2026-09-26T07:54:00.935-05:00  WARN 1604 --- [MDSERP] [HikariPool-2:connection-adder] com.zaxxer.hikari.pool.PoolBase          : HikariPool-2 - Pool is empty, failed to create/setup connection (78a64507-266c-4616-ab6c-9b12ed642b38)

com.microsoft.sqlserver.jdbc.SQLServerException: No se pudo realizar la conexión TCP/IP al host 186.28.243.188, puerto 63138. Error: "No route to host: no further information. Verifique las propiedades de conexión, compruebe que hay una instancia de SQL Server ejecutándose en el host y aceptando las conexiones TCP/IP en el puerto y compruebe que no hay ningún firewall bloqueando las conexiones TCP en el puerto.".
	at com.microsoft.sqlserver.jdbc.SQLServerException.makeFromDriverError(SQLServerException.java:250) ~[mssql-jdbc-12.10.1.jre11.jar:na]
	at com.microsoft.sqlserver.jdbc.SQLServerException.convertConnectExceptionToSQLServerException(SQLServerException.java:316) ~[mssql-jdbc-12.10.1.jre11.jar:na]
	at com.microsoft.sqlserver.jdbc.SocketFinder.findSocket(IOBuffer.java:2593) ~[mssql-jdbc-12.10.1.jre11.jar:na]
	at com.microsoft.sqlserver.jdbc.TDSChannel.open(IOBuffer.java:721) ~[mssql-jdbc-12.10.1.jre11.jar:na]
	at com.microsoft.sqlserver.jdbc.SQLServerConnection.connectHelper(SQLServerConnection.java:4079) ~[mssql-jdbc-12.10.1.jre11.jar:na]
	at com.microsoft.sqlserver.jdbc.SQLServerConnection.login(SQLServerConnection.java:3695) ~[mssql-jdbc-12.10.1.jre11.jar:na]
	at com.microsoft.sqlserver.jdbc.SQLServerConnection.connectInternal(SQLServerConnection.java:3504) ~[mssql-jdbc-12.10.1.jre11.jar:na]
	at com.microsoft.sqlserver.jdbc.SQLServerConnection.connect(SQLServerConnection.java:2212) ~[mssql-jdbc-12.10.1.jre11.jar:na]
	at com.microsoft.sqlserver.jdbc.SQLServerDriver.connect(SQLServerDriver.java:1320) ~[mssql-jdbc-12.10.1.jre11.jar:na]
	at com.zaxxer.hikari.util.DriverDataSource.getConnection(DriverDataSource.java:144) ~[HikariCP-6.3.2.jar:na]
	at com.zaxxer.hikari.pool.PoolBase.newConnection(PoolBase.java:370) ~[HikariCP-6.3.2.jar:na]
	at com.zaxxer.hikari.pool.PoolBase.newPoolEntry(PoolBase.java:207) ~[HikariCP-6.3.2.jar:na]
	at com.zaxxer.hikari.pool.HikariPool.createPoolEntry(HikariPool.java:488) ~[HikariCP-6.3.2.jar:na]
	at com.zaxxer.hikari.pool.HikariPool$PoolEntryCreator.call(HikariPool.java:752) ~[HikariCP-6.3.2.jar:na]
	at com.zaxxer.hikari.pool.HikariPool$PoolEntryCreator.call(HikariPool.java:731) ~[HikariCP-6.3.2.jar:na]
	at java.base/java.util.concurrent.FutureTask.run(FutureTask.java:264) ~[na:na]
	at java.base/java.util.concurrent.ThreadPoolExecutor.runWorker(ThreadPoolExecutor.java:1136) ~[na:na]
	at java.base/java.util.concurrent.ThreadPoolExecutor$Worker.run(ThreadPoolExecutor.java:635) ~[na:na]
	at java.base/java.lang.Thread.run(Thread.java:842) ~[na:na]

2026-09-26T07:54:12.590-05:00  WARN 1604 --- [MDSERP] [RMI TCP Accept-0] sun.rmi.transport.tcp                    : RMI TCP Accept-0: accept loop for ServerSocket[addr=0.0.0.0/0.0.0.0,localport=56600] throws

java.io.IOException: The server sockets created using the LocalRMIServerSocketFactory only accept connections from clients running on the host where the RMI remote objects have been exported.
	at jdk.management.agent/sun.management.jmxremote.LocalRMIServerSocketFactory$1.accept(LocalRMIServerSocketFactory.java:114) ~[na:na]
	at java.rmi/sun.rmi.transport.tcp.TCPTransport$AcceptLoop.executeAcceptLoop(TCPTransport.java:413) ~[na:na]
	at java.rmi/sun.rmi.transport.tcp.TCPTransport$AcceptLoop.run(TCPTransport.java:377) ~[na:na]
	at java.base/java.lang.Thread.run(Thread.java:842) ~[na:na]

2026-09-26T07:54:12.753-05:00  WARN 1604 --- [MDSERP] [RMI TCP Accept-0] sun.rmi.transport.tcp                    : RMI TCP Accept-0: accept loop for ServerSocket[addr=0.0.0.0/0.0.0.0,localport=56600] throws

java.io.IOException: The server sockets created using the LocalRMIServerSocketFactory only accept connections from clients running on the host where the RMI remote objects have been exported.
	at jdk.management.agent/sun.management.jmxremote.LocalRMIServerSocketFactory$1.accept(LocalRMIServerSocketFactory.java:114) ~[na:na]
	at java.rmi/sun.rmi.transport.tcp.TCPTransport$AcceptLoop.executeAcceptLoop(TCPTransport.java:413) ~[na:na]
	at java.rmi/sun.rmi.transport.tcp.TCPTransport$AcceptLoop.run(TCPTransport.java:377) ~[na:na]
	at java.base/java.lang.Thread.run(Thread.java:842) ~[na:na]

2026-09-26T07:54:13.799-05:00  WARN 1604 --- [MDSERP] [RMI TCP Accept-0] sun.rmi.transport.tcp                    : RMI TCP Accept-0: accept loop for ServerSocket[addr=0.0.0.0/0.0.0.0,localport=56600] throws

java.io.IOException: The server sockets created using the LocalRMIServerSocketFactory only accept connections from clients running on the host where the RMI remote objects have been exported.
	at jdk.management.agent/sun.management.jmxremote.LocalRMIServerSocketFactory$1.accept(LocalRMIServerSocketFactory.java:114) ~[na:na]
	at java.rmi/sun.rmi.transport.tcp.TCPTransport$AcceptLoop.executeAcceptLoop(TCPTransport.java:413) ~[na:na]
	at java.rmi/sun.rmi.transport.tcp.TCPTransport$AcceptLoop.run(TCPTransport.java:377) ~[na:na]
	at java.base/java.lang.Thread.run(Thread.java:842) ~[na:na]

2026-09-26T07:54:14.742-05:00  WARN 1604 --- [MDSERP] [HikariPool-1:housekeeper] com.zaxxer.hikari.pool.HikariPool        : HikariPool-1 - Thread starvation or clock leap detected (housekeeper delta=15h13m21s13ms795µs700ns).
2026-09-26T07:54:15.829-05:00  WARN 1604 --- [MDSERP] [RMI TCP Accept-0] sun.rmi.transport.tcp                    : RMI TCP Accept-0: accept loop for ServerSocket[addr=0.0.0.0/0.0.0.0,localport=56600] throws

java.io.IOException: The server sockets created using the LocalRMIServerSocketFactory only accept connections from clients running on the host where the RMI remote objects have been exported.
	at jdk.management.agent/sun.management.jmxremote.LocalRMIServerSocketFactory$1.accept(LocalRMIServerSocketFactory.java:114) ~[na:na]
	at java.rmi/sun.rmi.transport.tcp.TCPTransport$AcceptLoop.executeAcceptLoop(TCPTransport.java:413) ~[na:na]
	at java.rmi/sun.rmi.transport.tcp.TCPTransport$AcceptLoop.run(TCPTransport.java:377) ~[na:na]
	at java.base/java.lang.Thread.run(Thread.java:842) ~[na:na]

2026-09-26T07:54:19.857-05:00  WARN 1604 --- [MDSERP] [RMI TCP Accept-0] sun.rmi.transport.tcp                    : RMI TCP Accept-0: accept loop for ServerSocket[addr=0.0.0.0/0.0.0.0,localport=56600] throws

java.io.IOException: The server sockets created using the LocalRMIServerSocketFactory only accept connections from clients running on the host where the RMI remote objects have been exported.
	at jdk.management.agent/sun.management.jmxremote.LocalRMIServerSocketFactory$1.accept(LocalRMIServerSocketFactory.java:114) ~[na:na]
	at java.rmi/sun.rmi.transport.tcp.TCPTransport$AcceptLoop.executeAcceptLoop(TCPTransport.java:413) ~[na:na]
	at java.rmi/sun.rmi.transport.tcp.TCPTransport$AcceptLoop.run(TCPTransport.java:377) ~[na:na]
	at java.base/java.lang.Thread.run(Thread.java:842) ~[na:na]

2026-09-26T07:54:20.428-05:00  WARN 1604 --- [MDSERP] [HikariPool-2:housekeeper] com.zaxxer.hikari.pool.HikariPool        : HikariPool-2 - Thread starvation or clock leap detected (housekeeper delta=11h28m26s822ms473µs300ns).
2026-09-26T07:54:27.903-05:00  WARN 1604 --- [MDSERP] [RMI TCP Accept-0] sun.rmi.transport.tcp                    : RMI TCP Accept-0: accept loop for ServerSocket[addr=0.0.0.0/0.0.0.0,localport=56600] throws

java.io.IOException: The server sockets created using the LocalRMIServerSocketFactory only accept connections from clients running on the host where the RMI remote objects have been exported.
	at jdk.management.agent/sun.management.jmxremote.LocalRMIServerSocketFactory$1.accept(LocalRMIServerSocketFactory.java:114) ~[na:na]
	at java.rmi/sun.rmi.transport.tcp.TCPTransport$AcceptLoop.executeAcceptLoop(TCPTransport.java:413) ~[na:na]
	at java.rmi/sun.rmi.transport.tcp.TCPTransport$AcceptLoop.run(TCPTransport.java:377) ~[na:na]
	at java.base/java.lang.Thread.run(Thread.java:842) ~[na:na]

2026-09-26T07:54:43.927-05:00  WARN 1604 --- [MDSERP] [RMI TCP Accept-0] sun.rmi.transport.tcp                    : RMI TCP Accept-0: accept loop for ServerSocket[addr=0.0.0.0/0.0.0.0,localport=56600] throws

java.io.IOException: The server sockets created using the LocalRMIServerSocketFactory only accept connections from clients running on the host where the RMI remote objects have been exported.
	at jdk.management.agent/sun.management.jmxremote.LocalRMIServerSocketFactory$1.accept(LocalRMIServerSocketFactory.java:114) ~[na:na]
	at java.rmi/sun.rmi.transport.tcp.TCPTransport$AcceptLoop.executeAcceptLoop(TCPTransport.java:413) ~[na:na]
	at java.rmi/sun.rmi.transport.tcp.TCPTransport$AcceptLoop.run(TCPTransport.java:377) ~[na:na]
	at java.base/java.lang.Thread.run(Thread.java:842) ~[na:na]

2026-09-26T07:55:15.963-05:00  WARN 1604 --- [MDSERP] [RMI TCP Accept-0] sun.rmi.transport.tcp                    : RMI TCP Accept-0: accept loop for ServerSocket[addr=0.0.0.0/0.0.0.0,localport=56600] throws

java.io.IOException: The server sockets created using the LocalRMIServerSocketFactory only accept connections from clients running on the host where the RMI remote objects have been exported.
	at jdk.management.agent/sun.management.jmxremote.LocalRMIServerSocketFactory$1.accept(LocalRMIServerSocketFactory.java:114) ~[na:na]
	at java.rmi/sun.rmi.transport.tcp.TCPTransport$AcceptLoop.executeAcceptLoop(TCPTransport.java:413) ~[na:na]
	at java.rmi/sun.rmi.transport.tcp.TCPTransport$AcceptLoop.run(TCPTransport.java:377) ~[na:na]
	at java.base/java.lang.Thread.run(Thread.java:842) ~[na:na]

2026-09-26T07:56:20.011-05:00  WARN 1604 --- [MDSERP] [RMI TCP Accept-0] sun.rmi.transport.tcp                    : RMI TCP Accept-0: accept loop for ServerSocket[addr=0.0.0.0/0.0.0.0,localport=56600] throws

java.io.IOException: The server sockets created using the LocalRMIServerSocketFactory only accept connections from clients running on the host where the RMI remote objects have been exported.
	at jdk.management.agent/sun.management.jmxremote.LocalRMIServerSocketFactory$1.accept(LocalRMIServerSocketFactory.java:114) ~[na:na]
	at java.rmi/sun.rmi.transport.tcp.TCPTransport$AcceptLoop.executeAcceptLoop(TCPTransport.java:413) ~[na:na]
	at java.rmi/sun.rmi.transport.tcp.TCPTransport$AcceptLoop.run(TCPTransport.java:377) ~[na:na]
	at java.base/java.lang.Thread.run(Thread.java:842) ~[na:na]

2026-09-26T07:58:28.044-05:00  WARN 1604 --- [MDSERP] [RMI TCP Accept-0] sun.rmi.transport.tcp                    : RMI TCP Accept-0: accept loop for ServerSocket[addr=0.0.0.0/0.0.0.0,localport=56600] throws

java.io.IOException: The server sockets created using the LocalRMIServerSocketFactory only accept connections from clients running on the host where the RMI remote objects have been exported.
	at jdk.management.agent/sun.management.jmxremote.LocalRMIServerSocketFactory$1.accept(LocalRMIServerSocketFactory.java:114) ~[na:na]
	at java.rmi/sun.rmi.transport.tcp.TCPTransport$AcceptLoop.executeAcceptLoop(TCPTransport.java:413) ~[na:na]
	at java.rmi/sun.rmi.transport.tcp.TCPTransport$AcceptLoop.run(TCPTransport.java:377) ~[na:na]
	at java.base/java.lang.Thread.run(Thread.java:842) ~[na:na]

2026-09-26T08:00:02.329-05:00  WARN 1604 --- [MDSERP] [HikariPool-2:housekeeper] com.zaxxer.hikari.pool.PoolBase          : HikariPool-2 - Failed to validate connection ConnectionID:197 ClientConnectionId: 79657c36-c63b-4bfa-b671-adc5b566d5b0 (La conexión está cerrada.). Possibly consider using a shorter maxLifetime value.
2026-09-26T08:00:04.879-05:00  WARN 1604 --- [MDSERP] [HikariPool-2:housekeeper] com.zaxxer.hikari.pool.PoolBase          : HikariPool-2 - Failed to validate connection ConnectionID:214 ClientConnectionId: e3a93ccd-76cf-43ba-a504-b8a61c445e99 (La conexión está cerrada.). Possibly consider using a shorter maxLifetime value.
2026-09-26T08:00:09.894-05:00  WARN 1604 --- [MDSERP] [HikariPool-1:housekeeper] com.zaxxer.hikari.pool.PoolBase          : HikariPool-1 - Failed to validate connection ConnectionID:199 ClientConnectionId: 03dd4e35-9e3c-4509-b90e-a192c36334d6 (La conexión está cerrada.). Possibly consider using a shorter maxLifetime value.
2026-09-26T08:00:09.995-05:00  WARN 1604 --- [MDSERP] [HikariPool-1:housekeeper] com.zaxxer.hikari.pool.PoolBase          : HikariPool-1 - Failed to validate connection ConnectionID:211 ClientConnectionId: cf871755-7c42-464d-8134-53a991686000 (La conexión está cerrada.). Possibly consider using a shorter maxLifetime value.
2026-09-26T08:00:10.396-05:00  WARN 1604 --- [MDSERP] [HikariPool-2:housekeeper] com.zaxxer.hikari.pool.PoolBase          : HikariPool-2 - Failed to validate connection ConnectionID:200 ClientConnectionId: 3f3f5f76-8a75-4ca7-a2f3-4e26e66d7d38 (La conexión está cerrada.). Possibly consider using a shorter maxLifetime value.
2026-09-26T08:00:21.609-05:00  WARN 1604 --- [MDSERP] [HikariPool-1:housekeeper] com.zaxxer.hikari.pool.PoolBase          : HikariPool-1 - Failed to validate connection ConnectionID:201 ClientConnectionId: 2fb6c8c3-75ed-4e7e-8583-afefab38256a (La conexión está cerrada.). Possibly consider using a shorter maxLifetime value.
2026-09-26T08:00:23.516-05:00  WARN 1604 --- [MDSERP] [HikariPool-2:housekeeper] com.zaxxer.hikari.pool.PoolBase          : HikariPool-2 - Failed to validate connection ConnectionID:210 ClientConnectionId: 97984f98-5a3f-4b9a-a5d6-b8e01bd7998d (La conexión está cerrada.). Possibly consider using a shorter maxLifetime value.
2026-09-26T08:00:25.877-05:00  WARN 1604 --- [MDSERP] [HikariPool-2:housekeeper] com.zaxxer.hikari.pool.PoolBase          : HikariPool-2 - Failed to validate connection ConnectionID:208 ClientConnectionId: 65c30b18-cf01-4398-8c92-ac890f434075 (La conexión está cerrada.). Possibly consider using a shorter maxLifetime value.
2026-09-26T08:00:27.200-05:00  WARN 1604 --- [MDSERP] [HikariPool-1:housekeeper] com.zaxxer.hikari.pool.PoolBase          : HikariPool-1 - Failed to validate connection ConnectionID:207 ClientConnectionId: 7ed110e7-2cae-4bbe-a76e-1861d1a359f5 (La conexión está cerrada.). Possibly consider using a shorter maxLifetime value.
2026-09-26T08:00:27.999-05:00  WARN 1604 --- [MDSERP] [HikariPool-1:housekeeper] com.zaxxer.hikari.pool.PoolBase          : HikariPool-1 - Failed to validate connection ConnectionID:209 ClientConnectionId: ecafa1f7-c2ae-4aa6-9d6d-95c759f10f78 (La conexión está cerrada.). Possibly consider using a shorter maxLifetime value.
2026-09-26T08:00:30.629-05:00  WARN 1604 --- [MDSERP] [HikariPool-1:housekeeper] com.zaxxer.hikari.pool.PoolBase          : HikariPool-1 - Failed to validate connection ConnectionID:203 ClientConnectionId: f7e0077a-7193-447a-829b-6119c8311954 (La conexión está cerrada.). Possibly consider using a shorter maxLifetime value.
2026-09-26T08:00:34.543-05:00  WARN 1604 --- [MDSERP] [HikariPool-1:housekeeper] com.zaxxer.hikari.pool.PoolBase          : HikariPool-1 - Failed to validate connection ConnectionID:205 ClientConnectionId: 1ac1d0ae-f0a6-4f0f-b655-93ce1cf8577b (La conexión está cerrada.). Possibly consider using a shorter maxLifetime value.
2026-09-26T08:00:34.673-05:00  WARN 1604 --- [MDSERP] [HikariPool-1:housekeeper] com.zaxxer.hikari.pool.PoolBase          : HikariPool-1 - Failed to validate connection ConnectionID:198 ClientConnectionId: 71efcd15-d832-42f6-8cbe-b8037744dffa (La conexión está cerrada.). Possibly consider using a shorter maxLifetime value.
2026-09-26T08:00:37.342-05:00  WARN 1604 --- [MDSERP] [HikariPool-2:housekeeper] com.zaxxer.hikari.pool.PoolBase          : HikariPool-2 - Failed to validate connection ConnectionID:216 ClientConnectionId: f32450eb-7db0-4b48-ad1a-62742cd777cb (La conexión está cerrada.). Possibly consider using a shorter maxLifetime value.
2026-09-26T08:02:44.084-05:00  WARN 1604 --- [MDSERP] [RMI TCP Accept-0] sun.rmi.transport.tcp                    : RMI TCP Accept-0: accept loop for ServerSocket[addr=0.0.0.0/0.0.0.0,localport=56600] throws

java.io.IOException: The server sockets created using the LocalRMIServerSocketFactory only accept connections from clients running on the host where the RMI remote objects have been exported.
	at jdk.management.agent/sun.management.jmxremote.LocalRMIServerSocketFactory$1.accept(LocalRMIServerSocketFactory.java:114) ~[na:na]
	at java.rmi/sun.rmi.transport.tcp.TCPTransport$AcceptLoop.executeAcceptLoop(TCPTransport.java:413) ~[na:na]
	at java.rmi/sun.rmi.transport.tcp.TCPTransport$AcceptLoop.run(TCPTransport.java:377) ~[na:na]
	at java.base/java.lang.Thread.run(Thread.java:842) ~[na:na]

2026-09-26T08:05:39.973-05:00  WARN 1604 --- [MDSERP] [HikariPool-1:housekeeper] com.zaxxer.hikari.pool.PoolBase          : HikariPool-1 - Failed to validate connection ConnectionID:220 ClientConnectionId: 47b820d3-edff-4f67-924b-e7dca5eb1d1b (La conexión está cerrada.). Possibly consider using a shorter maxLifetime value.
2026-09-26T08:06:06.725-05:00  WARN 1604 --- [MDSERP] [HikariPool-1:housekeeper] com.zaxxer.hikari.pool.PoolBase          : HikariPool-1 - Failed to validate connection ConnectionID:222 ClientConnectionId: c176aa98-3240-4041-9a41-2ec4ce8fef0a (La conexión está cerrada.). Possibly consider using a shorter maxLifetime value.
2026-09-26T08:06:12.045-05:00  WARN 1604 --- [MDSERP] [HikariPool-1:housekeeper] com.zaxxer.hikari.pool.PoolBase          : HikariPool-1 - Failed to validate connection ConnectionID:225 ClientConnectionId: e74c5fca-b233-4286-9691-8167562282b5 (La conexión está cerrada.). Possibly consider using a shorter maxLifetime value.
2026-09-26T08:06:19.924-05:00  WARN 1604 --- [MDSERP] [HikariPool-1:housekeeper] com.zaxxer.hikari.pool.PoolBase          : HikariPool-1 - Failed to validate connection ConnectionID:226 ClientConnectionId: 20328f9f-1334-4ce4-b0fe-50acc6d55445 (La conexión está cerrada.). Possibly consider using a shorter maxLifetime value.
2026-09-26T08:06:20.520-05:00  WARN 1604 --- [MDSERP] [HikariPool-1:housekeeper] com.zaxxer.hikari.pool.PoolBase          : HikariPool-1 - Failed to validate connection ConnectionID:229 ClientConnectionId: 12ee28f4-63e3-4273-80df-1db0e70648ed (La conexión está cerrada.). Possibly consider using a shorter maxLifetime value.
2026-09-26T08:06:21.851-05:00  WARN 1604 --- [MDSERP] [HikariPool-2:housekeeper] com.zaxxer.hikari.pool.PoolBase          : HikariPool-2 - Failed to validate connection ConnectionID:230 ClientConnectionId: 664fa2bf-8e64-4f6c-a400-7d9c108e4c9d (La conexión está cerrada.). Possibly consider using a shorter maxLifetime value.
2026-09-26T08:06:47.224-05:00  WARN 1604 --- [MDSERP] [HikariPool-2:housekeeper] com.zaxxer.hikari.pool.PoolBase          : HikariPool-2 - Failed to validate connection ConnectionID:221 ClientConnectionId: 4ce02710-ac28-441f-8732-30525e597a11 (La conexión está cerrada.). Possibly consider using a shorter maxLifetime value.
2026-09-26T08:11:33.158-05:00  WARN 1604 --- [MDSERP] [HikariPool-1:housekeeper] com.zaxxer.hikari.pool.PoolBase          : HikariPool-1 - Failed to validate connection ConnectionID:231 ClientConnectionId: af6bf4ab-8e63-4ea6-93ab-d6e2421327ba (La conexión está cerrada.). Possibly consider using a shorter maxLifetime value.
2026-09-26T08:11:38.156-05:00  WARN 1604 --- [MDSERP] [HikariPool-1:housekeeper] com.zaxxer.hikari.pool.PoolBase          : HikariPool-1 - Failed to validate connection ConnectionID:233 ClientConnectionId: 5d62ce14-2ee6-4560-ac0d-72118c6d4c42 (La conexión está cerrada.). Possibly consider using a shorter maxLifetime value.
2026-09-26T08:11:47.374-05:00  WARN 1604 --- [MDSERP] [HikariPool-1:housekeeper] com.zaxxer.hikari.pool.PoolBase          : HikariPool-1 - Failed to validate connection ConnectionID:232 ClientConnectionId: 6e1661b9-e1bd-4a53-9405-c963901f5222 (La conexión está cerrada.). Possibly consider using a shorter maxLifetime value.
2026-09-26T08:11:56.862-05:00  WARN 1604 --- [MDSERP] [HikariPool-1:housekeeper] com.zaxxer.hikari.pool.PoolBase          : HikariPool-1 - Failed to validate connection ConnectionID:234 ClientConnectionId: e5fa02f1-a5fd-48b2-acc9-2d62a51d2720 (La conexión está cerrada.). Possibly consider using a shorter maxLifetime value.
2026-09-26T08:12:37.714-05:00  WARN 1604 --- [MDSERP] [HikariPool-2:housekeeper] com.zaxxer.hikari.pool.PoolBase          : HikariPool-2 - Failed to validate connection ConnectionID:237 ClientConnectionId: 327143af-7ecd-4ec7-b5eb-522a37401a51 (La conexión está cerrada.). Possibly consider using a shorter maxLifetime value.
2026-09-26T08:17:09.879-05:00  WARN 1604 --- [MDSERP] [HikariPool-1:housekeeper] com.zaxxer.hikari.pool.PoolBase          : HikariPool-1 - Failed to validate connection ConnectionID:238 ClientConnectionId: 72549615-ab8e-4c46-a4c8-80b150a9374d (La conexión está cerrada.). Possibly consider using a shorter maxLifetime value.
2026-09-26T08:18:20.797-05:00  WARN 1604 --- [MDSERP] [HikariPool-1:housekeeper] com.zaxxer.hikari.pool.PoolBase          : HikariPool-1 - Failed to validate connection ConnectionID:239 ClientConnectionId: bab601ec-76af-425e-9aff-e95d7aadbea2 (La conexión está cerrada.). Possibly consider using a shorter maxLifetime value.
2026-09-26T08:19:03.767-05:00  WARN 1604 --- [MDSERP] [HikariPool-2:housekeeper] com.zaxxer.hikari.pool.PoolBase          : HikariPool-2 - Failed to validate connection ConnectionID:242 ClientConnectionId: 1c0541f4-441e-4da5-9c6b-2fb5820a7a5b (La conexión está cerrada.). Possibly consider using a shorter maxLifetime value.
2026-09-26T08:23:04.270-05:00  WARN 1604 --- [MDSERP] [HikariPool-1:housekeeper] com.zaxxer.hikari.pool.PoolBase          : HikariPool-1 - Failed to validate connection ConnectionID:243 ClientConnectionId: 7070212c-1574-4a8e-b500-331aca525d28 (La conexión está cerrada.). Possibly consider using a shorter maxLifetime value.
2026-09-26T08:23:27.574-05:00  WARN 1604 --- [MDSERP] [HikariPool-2:housekeeper] com.zaxxer.hikari.pool.PoolBase          : HikariPool-2 - Failed to validate connection ConnectionID:245 ClientConnectionId: 51c91d8c-91ee-45fb-a605-1f238477cfb8 (La conexión está cerrada.). Possibly consider using a shorter maxLifetime value.
2026-09-26T08:24:12.809-05:00  WARN 1604 --- [MDSERP] [HikariPool-1:housekeeper] com.zaxxer.hikari.pool.PoolBase          : HikariPool-1 - Failed to validate connection ConnectionID:246 ClientConnectionId: 1760e609-4538-4bc9-9aa7-6a964428f01c (La conexión está cerrada.). Possibly consider using a shorter maxLifetime value.
2026-09-26T08:24:50.102-05:00  WARN 1604 --- [MDSERP] [HikariPool-2:housekeeper] com.zaxxer.hikari.pool.PoolBase          : HikariPool-2 - Failed to validate connection ConnectionID:247 ClientConnectionId: 96df1b91-5b58-4c1a-84f3-89ce85885f52 (La conexión está cerrada.). Possibly consider using a shorter maxLifetime value.
2026-09-26T08:25:09.026-05:00  WARN 1604 --- [MDSERP] [HikariPool-1:housekeeper] com.zaxxer.hikari.pool.PoolBase          : HikariPool-1 - Failed to validate connection ConnectionID:248 ClientConnectionId: 9e31fef4-59f8-4f7c-a41d-f322239349e5 (La conexión está cerrada.). Possibly consider using a shorter maxLifetime value.
2026-09-26T08:26:05.789-05:00  WARN 1604 --- [MDSERP] [HikariPool-2:housekeeper] com.zaxxer.hikari.pool.PoolBase          : HikariPool-2 - Failed to validate connection ConnectionID:249 ClientConnectionId: b4e1e3d8-e0b6-46c8-b9ce-bc0c384014e8 (La conexión está cerrada.). Possibly consider using a shorter maxLifetime value.
2026-09-26T08:28:36.262-05:00  WARN 1604 --- [MDSERP] [HikariPool-2:housekeeper] com.zaxxer.hikari.pool.PoolBase          : HikariPool-2 - Failed to validate connection ConnectionID:250 ClientConnectionId: 79c21e65-77b6-4b14-8734-c0a464477b9e (La conexión está cerrada.). Possibly consider using a shorter maxLifetime value.
2026-09-26T08:29:00.710-05:00  WARN 1604 --- [MDSERP] [HikariPool-1:housekeeper] com.zaxxer.hikari.pool.PoolBase          : HikariPool-1 - Failed to validate connection ConnectionID:251 ClientConnectionId: 32808966-9dd2-4e2b-b289-a12187000901 (La conexión está cerrada.). Possibly consider using a shorter maxLifetime value.
2026-09-26T08:29:52.199-05:00  WARN 1604 --- [MDSERP] [HikariPool-2:housekeeper] com.zaxxer.hikari.pool.PoolBase          : HikariPool-2 - Failed to validate connection ConnectionID:252 ClientConnectionId: 0554ae0d-6504-46c8-91fa-d14f4d006205 (La conexión está cerrada.). Possibly consider using a shorter maxLifetime value.
2026-09-26T08:29:57.237-05:00  WARN 1604 --- [MDSERP] [HikariPool-1:housekeeper] com.zaxxer.hikari.pool.PoolBase          : HikariPool-1 - Failed to validate connection ConnectionID:256 ClientConnectionId: fba43341-5c37-40f1-81e5-6884a0dbe50f (La conexión está cerrada.). Possibly consider using a shorter maxLifetime value.
2026-09-26T08:30:10.628-05:00  WARN 1604 --- [MDSERP] [HikariPool-1:housekeeper] com.zaxxer.hikari.pool.PoolBase          : HikariPool-1 - Failed to validate connection ConnectionID:254 ClientConnectionId: f5dd6201-633b-4fda-91ec-fa0d89ace745 (La conexión está cerrada.). Possibly consider using a shorter maxLifetime value.
2026-09-26T08:30:12.198-05:00  WARN 1604 --- [MDSERP] [HikariPool-2:housekeeper] com.zaxxer.hikari.pool.PoolBase          : HikariPool-2 - Failed to validate connection ConnectionID:253 ClientConnectionId: 9be42821-c917-4599-8163-7f83f425c37c (La conexión está cerrada.). Possibly consider using a shorter maxLifetime value.
2026-09-26T08:30:44.350-05:00  WARN 1604 --- [MDSERP] [HikariPool-2:housekeeper] com.zaxxer.hikari.pool.PoolBase          : HikariPool-2 - Failed to validate connection ConnectionID:258 ClientConnectionId: 24b0c608-1e0c-4eec-8e97-719e3eec49f3 (La conexión está cerrada.). Possibly consider using a shorter maxLifetime value.
2026-09-26T08:31:59.153-05:00  WARN 1604 --- [MDSERP] [HikariPool-2:housekeeper] com.zaxxer.hikari.pool.PoolBase          : HikariPool-2 - Failed to validate connection ConnectionID:260 ClientConnectionId: 09194272-c65a-47dd-8ffd-78173b45841c (La conexión está cerrada.). Possibly consider using a shorter maxLifetime value.
2026-09-26T08:33:05.328-05:00  WARN 1604 --- [MDSERP] [HikariPool-2:housekeeper] com.zaxxer.hikari.pool.PoolBase          : HikariPool-2 - Failed to validate connection ConnectionID:261 ClientConnectionId: ea6f7696-ecca-4650-8f10-071e05cd70ae (La conexión está cerrada.). Possibly consider using a shorter maxLifetime value.
2026-09-26T08:33:54.637-05:00  WARN 1604 --- [MDSERP] [HikariPool-1:housekeeper] com.zaxxer.hikari.pool.PoolBase          : HikariPool-1 - Failed to validate connection ConnectionID:262 ClientConnectionId: 5e76f64f-e6ab-4a7e-b58b-bb2d39da026d (La conexión está cerrada.). Possibly consider using a shorter maxLifetime value.
2026-09-26T08:34:53.698-05:00  WARN 1604 --- [MDSERP] [HikariPool-2:housekeeper] com.zaxxer.hikari.pool.PoolBase          : HikariPool-2 - Failed to validate connection ConnectionID:265 ClientConnectionId: 1e42c9d2-f0a3-448d-829d-9210b4bc128b (La conexión está cerrada.). Possibly consider using a shorter maxLifetime value.
2026-09-26T08:35:15.357-05:00  WARN 1604 --- [MDSERP] [HikariPool-2:housekeeper] com.zaxxer.hikari.pool.PoolBase          : HikariPool-2 - Failed to validate connection ConnectionID:266 ClientConnectionId: f939a57d-8d67-47ed-ba88-3336b43ee583 (La conexión está cerrada.). Possibly consider using a shorter maxLifetime value.
2026-09-26T08:35:24.487-05:00  WARN 1604 --- [MDSERP] [HikariPool-2:housekeeper] com.zaxxer.hikari.pool.PoolBase          : HikariPool-2 - Failed to validate connection ConnectionID:267 ClientConnectionId: bb91875f-2a3a-494e-9d6c-875d7c96930f (La conexión está cerrada.). Possibly consider using a shorter maxLifetime value.
2026-09-26T08:35:26.764-05:00  WARN 1604 --- [MDSERP] [HikariPool-1:housekeeper] com.zaxxer.hikari.pool.PoolBase          : HikariPool-1 - Failed to validate connection ConnectionID:269 ClientConnectionId: a5451a8b-560d-4d5f-bc99-2a7b1f15888d (La conexión está cerrada.). Possibly consider using a shorter maxLifetime value.
2026-09-26T08:35:38.371-05:00  WARN 1604 --- [MDSERP] [HikariPool-2:housekeeper] com.zaxxer.hikari.pool.PoolBase          : HikariPool-2 - Failed to validate connection ConnectionID:268 ClientConnectionId: 23e9750c-8938-42ec-be5e-f35498470fef (La conexión está cerrada.). Possibly consider using a shorter maxLifetime value.
2026-09-26T08:36:37.059-05:00  WARN 1604 --- [MDSERP] [HikariPool-2:housekeeper] com.zaxxer.hikari.pool.PoolBase          : HikariPool-2 - Failed to validate connection ConnectionID:271 ClientConnectionId: 098cbd28-b8da-412e-887b-32ee3b66311c (La conexión está cerrada.). Possibly consider using a shorter maxLifetime value.
2026-09-26T08:37:25.818-05:00  WARN 1604 --- [MDSERP] [HikariPool-2:housekeeper] com.zaxxer.hikari.pool.PoolBase          : HikariPool-2 - Failed to validate connection ConnectionID:272 ClientConnectionId: 5fd8d9ac-1b79-4059-8882-a635430ea439 (La conexión está cerrada.). Possibly consider using a shorter maxLifetime value.
2026-09-26T08:38:42.207-05:00  WARN 1604 --- [MDSERP] [HikariPool-2:housekeeper] com.zaxxer.hikari.pool.PoolBase          : HikariPool-2 - Failed to validate connection ConnectionID:273 ClientConnectionId: 30f18384-5c4f-43c9-a004-6a2c9ae0149e (La conexión está cerrada.). Possibly consider using a shorter maxLifetime value.
2026-09-26T08:39:51.938-05:00  WARN 1604 --- [MDSERP] [HikariPool-1:housekeeper] com.zaxxer.hikari.pool.PoolBase          : HikariPool-1 - Failed to validate connection ConnectionID:275 ClientConnectionId: 2364cd69-638b-4802-8bca-3d2152cd6ea7 (La conexión está cerrada.). Possibly consider using a shorter maxLifetime value.
2026-09-26T08:40:10.131-05:00  WARN 1604 --- [MDSERP] [HikariPool-2:housekeeper] com.zaxxer.hikari.pool.PoolBase          : HikariPool-2 - Failed to validate connection ConnectionID:277 ClientConnectionId: 507574e2-cb44-4d8c-a224-f1d0bc9fd5e8 (La conexión está cerrada.). Possibly consider using a shorter maxLifetime value.
2026-09-26T08:40:48.591-05:00  WARN 1604 --- [MDSERP] [HikariPool-2:housekeeper] com.zaxxer.hikari.pool.PoolBase          : HikariPool-2 - Failed to validate connection ConnectionID:278 ClientConnectionId: 2666be7a-a403-4b75-bd19-3d96df40f244 (La conexión está cerrada.). Possibly consider using a shorter maxLifetime value.
2026-09-26T08:41:35.668-05:00  WARN 1604 --- [MDSERP] [HikariPool-2:housekeeper] com.zaxxer.hikari.pool.PoolBase          : HikariPool-2 - Failed to validate connection ConnectionID:282 ClientConnectionId: 6ad5e694-fca2-4d7c-b890-81ab1401f39b (La conexión está cerrada.). Possibly consider using a shorter maxLifetime value.
2026-09-26T08:42:31.002-05:00  WARN 1604 --- [MDSERP] [HikariPool-2:housekeeper] com.zaxxer.hikari.pool.PoolBase          : HikariPool-2 - Failed to validate connection ConnectionID:283 ClientConnectionId: 98f1d8b7-6f39-4eeb-8a29-bf05686a65c6 (La conexión está cerrada.). Possibly consider using a shorter maxLifetime value.
2026-09-26T08:42:43.655-05:00  WARN 1604 --- [MDSERP] [HikariPool-2:housekeeper] com.zaxxer.hikari.pool.PoolBase          : HikariPool-2 - Failed to validate connection ConnectionID:284 ClientConnectionId: 66f2b5dd-0488-4e27-b1a8-dacf0af49569 (La conexión está cerrada.). Possibly consider using a shorter maxLifetime value.
2026-09-26T08:45:18.727-05:00  WARN 1604 --- [MDSERP] [HikariPool-2:housekeeper] com.zaxxer.hikari.pool.PoolBase          : HikariPool-2 - Failed to validate connection ConnectionID:285 ClientConnectionId: 7ac014d7-5020-4330-8681-2cd96c8b769f (La conexión está cerrada.). Possibly consider using a shorter maxLifetime value.
2026-09-26T08:46:17.833-05:00  WARN 1604 --- [MDSERP] [HikariPool-1:housekeeper] com.zaxxer.hikari.pool.PoolBase          : HikariPool-1 - Failed to validate connection ConnectionID:286 ClientConnectionId: 66a99a0a-ebc2-4e34-a9fb-c5ea7197d42d (La conexión está cerrada.). Possibly consider using a shorter maxLifetime value.
2026-09-26T08:48:19.168-05:00  WARN 1604 --- [MDSERP] [HikariPool-2:housekeeper] com.zaxxer.hikari.pool.PoolBase          : HikariPool-2 - Failed to validate connection ConnectionID:292 ClientConnectionId: 38159ad2-3a98-46a2-b286-03907b67c928 (La conexión está cerrada.). Possibly consider using a shorter maxLifetime value.
2026-09-26T08:49:08.415-05:00  WARN 1604 --- [MDSERP] [HikariPool-2:housekeeper] com.zaxxer.hikari.pool.PoolBase          : HikariPool-2 - Failed to validate connection ConnectionID:293 ClientConnectionId: 30b30af8-1615-4aeb-ac62-3844c52ac15d (La conexión está cerrada.). Possibly consider using a shorter maxLifetime value.
2026-09-26T08:52:15.861-05:00  WARN 1604 --- [MDSERP] [HikariPool-1:housekeeper] com.zaxxer.hikari.pool.PoolBase          : HikariPool-1 - Failed to validate connection ConnectionID:295 ClientConnectionId: 70606eec-89a0-4e75-865f-b9be2664e1d3 (La conexión está cerrada.). Possibly consider using a shorter maxLifetime value.
2026-09-26T08:53:57.970-05:00  WARN 1604 --- [MDSERP] [HikariPool-2:housekeeper] com.zaxxer.hikari.pool.PoolBase          : HikariPool-2 - Failed to validate connection ConnectionID:296 ClientConnectionId: 46973d1c-24bf-42c4-9c25-88147544b231 (La conexión está cerrada.). Possibly consider using a shorter maxLifetime value.
2026-09-26T08:55:01.894-05:00  WARN 1604 --- [MDSERP] [HikariPool-1:housekeeper] com.zaxxer.hikari.pool.PoolBase          : HikariPool-1 - Failed to validate connection ConnectionID:297 ClientConnectionId: 7b753035-68de-44c1-b0c6-0b17a5825225 (La conexión está cerrada.). Possibly consider using a shorter maxLifetime value.
2026-09-26T08:58:06.278-05:00  WARN 1604 --- [MDSERP] [HikariPool-1:housekeeper] com.zaxxer.hikari.pool.PoolBase          : HikariPool-1 - Failed to validate connection ConnectionID:299 ClientConnectionId: 393d9374-e2dc-4ba6-8b84-a433fe0ea971 (La conexión está cerrada.). Possibly consider using a shorter maxLifetime value.
2026-09-26T08:59:09.768-05:00  WARN 1604 --- [MDSERP] [HikariPool-1:housekeeper] com.zaxxer.hikari.pool.PoolBase          : HikariPool-1 - Failed to validate connection ConnectionID:301 ClientConnectionId: 46dcec57-84e3-44fe-8a52-4a4bd73445a3 (La conexión está cerrada.). Possibly consider using a shorter maxLifetime value.
2026-09-26T08:59:17.516-05:00  WARN 1604 --- [MDSERP] [HikariPool-1:housekeeper] com.zaxxer.hikari.pool.PoolBase          : HikariPool-1 - Failed to validate connection ConnectionID:300 ClientConnectionId: 3488c986-3745-41bc-94cd-3881b91809a1 (La conexión está cerrada.). Possibly consider using a shorter maxLifetime value.
2026-09-26T09:00:34.889-05:00  WARN 1604 --- [MDSERP] [HikariPool-2:housekeeper] com.zaxxer.hikari.pool.PoolBase          : HikariPool-2 - Failed to validate connection ConnectionID:303 ClientConnectionId: bb121f0d-c23f-40b5-aa1a-7ce66bbe5c36 (La conexión está cerrada.). Possibly consider using a shorter maxLifetime value.
2026-09-26T09:00:40.568-05:00  WARN 1604 --- [MDSERP] [HikariPool-1:housekeeper] com.zaxxer.hikari.pool.PoolBase          : HikariPool-1 - Failed to validate connection ConnectionID:304 ClientConnectionId: e8f4a6cf-c41a-4a22-956c-a71b9fb71cb1 (La conexión está cerrada.). Possibly consider using a shorter maxLifetime value.
2026-09-26T09:02:56.459-05:00  WARN 1604 --- [MDSERP] [HikariPool-1:housekeeper] com.zaxxer.hikari.pool.PoolBase          : HikariPool-1 - Failed to validate connection ConnectionID:307 ClientConnectionId: 424ef130-1705-4a1a-ae9f-077e1150092c (La conexión está cerrada.). Possibly consider using a shorter maxLifetime value.
2026-09-26T09:03:09.158-05:00  WARN 1604 --- [MDSERP] [HikariPool-2:housekeeper] com.zaxxer.hikari.pool.PoolBase          : HikariPool-2 - Failed to validate connection ConnectionID:306 ClientConnectionId: 4986d58d-b176-4219-8de7-c28df65f729d (La conexión está cerrada.). Possibly consider using a shorter maxLifetime value.
2026-09-26T09:03:39.048-05:00  WARN 1604 --- [MDSERP] [HikariPool-1:housekeeper] com.zaxxer.hikari.pool.PoolBase          : HikariPool-1 - Failed to validate connection ConnectionID:305 ClientConnectionId: 88b94141-c21c-4ede-b9d7-463312d29edd (La conexión está cerrada.). Possibly consider using a shorter maxLifetime value.
2026-09-26T09:04:56.963-05:00  WARN 1604 --- [MDSERP] [HikariPool-1:housekeeper] com.zaxxer.hikari.pool.PoolBase          : HikariPool-1 - Failed to validate connection ConnectionID:310 ClientConnectionId: 0beed1f9-354b-4faa-b300-818ea4d27c9d (La conexión está cerrada.). Possibly consider using a shorter maxLifetime value.
2026-09-26T09:05:05.539-05:00  WARN 1604 --- [MDSERP] [HikariPool-1:housekeeper] com.zaxxer.hikari.pool.PoolBase          : HikariPool-1 - Failed to validate connection ConnectionID:309 ClientConnectionId: 6bf21f81-0607-4152-a2d7-180a50c25ddd (La conexión está cerrada.). Possibly consider using a shorter maxLifetime value.
2026-09-26T09:06:06.300-05:00  WARN 1604 --- [MDSERP] [HikariPool-1:housekeeper] com.zaxxer.hikari.pool.PoolBase          : HikariPool-1 - Failed to validate connection ConnectionID:313 ClientConnectionId: a120f872-b842-4e37-8395-2e040c8edb9c (La conexión está cerrada.). Possibly consider using a shorter maxLifetime value.
2026-09-26T09:07:21.908-05:00  WARN 1604 --- [MDSERP] [HikariPool-2:housekeeper] com.zaxxer.hikari.pool.PoolBase          : HikariPool-2 - Failed to validate connection ConnectionID:312 ClientConnectionId: ff142447-ce95-4379-bf2b-fbd2dab1e7f9 (La conexión está cerrada.). Possibly consider using a shorter maxLifetime value.
2026-09-26T09:08:37.522-05:00  WARN 1604 --- [MDSERP] [HikariPool-1:housekeeper] com.zaxxer.hikari.pool.PoolBase          : HikariPool-1 - Failed to validate connection ConnectionID:316 ClientConnectionId: 2c6e3313-1ffe-4fd0-bd0f-84ae5dcfc4a7 (La conexión está cerrada.). Possibly consider using a shorter maxLifetime value.
2026-09-26T09:09:23.550-05:00  WARN 1604 --- [MDSERP] [HikariPool-1:housekeeper] com.zaxxer.hikari.pool.PoolBase          : HikariPool-1 - Failed to validate connection ConnectionID:320 ClientConnectionId: a4f4c06e-c01e-40a4-8859-1814fb3dcded (La conexión está cerrada.). Possibly consider using a shorter maxLifetime value.
2026-09-26T09:09:31.048-05:00  WARN 1604 --- [MDSERP] [HikariPool-1:housekeeper] com.zaxxer.hikari.pool.PoolBase          : HikariPool-1 - Failed to validate connection ConnectionID:317 ClientConnectionId: 54249bbf-3d17-46b0-a181-f71ba3c63676 (La conexión está cerrada.). Possibly consider using a shorter maxLifetime value.
2026-09-26T09:10:04.568-05:00  WARN 1604 --- [MDSERP] [HikariPool-2:housekeeper] com.zaxxer.hikari.pool.PoolBase          : HikariPool-2 - Failed to validate connection ConnectionID:318 ClientConnectionId: 96195c7e-f229-42ac-80d4-7f43d140b6eb (La conexión está cerrada.). Possibly consider using a shorter maxLifetime value.
2026-09-26T09:10:16.545-05:00  WARN 1604 --- [MDSERP] [HikariPool-1:housekeeper] com.zaxxer.hikari.pool.PoolBase          : HikariPool-1 - Failed to validate connection ConnectionID:322 ClientConnectionId: 6677a259-9bba-4aa0-9c6c-829138a2263e (La conexión está cerrada.). Possibly consider using a shorter maxLifetime value.
2026-09-26T09:10:39.710-05:00  WARN 1604 --- [MDSERP] [HikariPool-1:housekeeper] com.zaxxer.hikari.pool.PoolBase          : HikariPool-1 - Failed to validate connection ConnectionID:323 ClientConnectionId: 12f814da-3d08-424f-88b5-13f191b71c63 (La conexión está cerrada.). Possibly consider using a shorter maxLifetime value.
2026-09-26T09:11:35.039-05:00  WARN 1604 --- [MDSERP] [HikariPool-1:housekeeper] com.zaxxer.hikari.pool.PoolBase          : HikariPool-1 - Failed to validate connection ConnectionID:324 ClientConnectionId: ff59feb6-7593-4f97-8459-70de2bf38a91 (La conexión está cerrada.). Possibly consider using a shorter maxLifetime value.
2026-09-26T09:12:44.438-05:00  WARN 1604 --- [MDSERP] [HikariPool-2:housekeeper] com.zaxxer.hikari.pool.PoolBase          : HikariPool-2 - Failed to validate connection ConnectionID:325 ClientConnectionId: 9582ef01-b014-4b15-9167-f9e1d416fd31 (La conexión está cerrada.). Possibly consider using a shorter maxLifetime value.
2026-09-26T09:13:59.158-05:00  WARN 1604 --- [MDSERP] [HikariPool-1:housekeeper] com.zaxxer.hikari.pool.PoolBase          : HikariPool-1 - Failed to validate connection ConnectionID:327 ClientConnectionId: 2e6a6cec-b577-49e9-a8a8-c90883bfe30e (La conexión está cerrada.). Possibly consider using a shorter maxLifetime value.
2026-09-26T09:14:29.208-05:00  WARN 1604 --- [MDSERP] [HikariPool-1:housekeeper] com.zaxxer.hikari.pool.PoolBase          : HikariPool-1 - Failed to validate connection ConnectionID:328 ClientConnectionId: 152eb5c5-8649-46e0-9840-b84f81746adc (La conexión está cerrada.). Possibly consider using a shorter maxLifetime value.
2026-09-26T09:14:58.088-05:00  WARN 1604 --- [MDSERP] [HikariPool-1:housekeeper] com.zaxxer.hikari.pool.PoolBase          : HikariPool-1 - Failed to validate connection ConnectionID:331 ClientConnectionId: b596d33d-19b9-4e9d-84d5-08f723a8fac7 (La conexión está cerrada.). Possibly consider using a shorter maxLifetime value.
2026-09-26T09:15:54.620-05:00  WARN 1604 --- [MDSERP] [HikariPool-2:housekeeper] com.zaxxer.hikari.pool.PoolBase          : HikariPool-2 - Failed to validate connection ConnectionID:329 ClientConnectionId: b7c366d7-8929-4499-91f9-1308110dcdc1 (La conexión está cerrada.). Possibly consider using a shorter maxLifetime value.
2026-09-26T09:16:01.383-05:00  WARN 1604 --- [MDSERP] [HikariPool-1:housekeeper] com.zaxxer.hikari.pool.PoolBase          : HikariPool-1 - Failed to validate connection ConnectionID:333 ClientConnectionId: 11e3600c-eacf-4998-97c5-04a0daefea90 (La conexión está cerrada.). Possibly consider using a shorter maxLifetime value.
2026-09-26T09:16:10.136-05:00  WARN 1604 --- [MDSERP] [HikariPool-1:housekeeper] com.zaxxer.hikari.pool.PoolBase          : HikariPool-1 - Failed to validate connection ConnectionID:330 ClientConnectionId: 6b1ece4e-892c-4750-9c55-1622f095faf4 (La conexión está cerrada.). Possibly consider using a shorter maxLifetime value.
2026-09-26T09:16:24.970-05:00  WARN 1604 --- [MDSERP] [HikariPool-1:housekeeper] com.zaxxer.hikari.pool.PoolBase          : HikariPool-1 - Failed to validate connection ConnectionID:334 ClientConnectionId: 3280de1c-100a-4b09-82ae-399412cfa22a (La conexión está cerrada.). Possibly consider using a shorter maxLifetime value.
2026-09-26T09:16:35.058-05:00  WARN 1604 --- [MDSERP] [HikariPool-2:housekeeper] com.zaxxer.hikari.pool.PoolBase          : HikariPool-2 - Failed to validate connection ConnectionID:332 ClientConnectionId: 81083c0d-e4e2-4a4b-a3b1-d12a7625fa9d (La conexión está cerrada.). Possibly consider using a shorter maxLifetime value.
2026-09-26T09:17:13.668-05:00  WARN 1604 --- [MDSERP] [HikariPool-1:housekeeper] com.zaxxer.hikari.pool.PoolBase          : HikariPool-1 - Failed to validate connection ConnectionID:335 ClientConnectionId: ae4b8dc3-6cbe-468e-92e0-589edd4c1d26 (La conexión está cerrada.). Possibly consider using a shorter maxLifetime value.
2026-09-26T09:17:56.258-05:00  WARN 1604 --- [MDSERP] [HikariPool-2:housekeeper] com.zaxxer.hikari.pool.PoolBase          : HikariPool-2 - Failed to validate connection ConnectionID:336 ClientConnectionId: 10091c9d-11dc-4f27-9438-a22d00a22b85 (La conexión está cerrada.). Possibly consider using a shorter maxLifetime value.
2026-09-26T09:20:07.313-05:00  WARN 1604 --- [MDSERP] [HikariPool-1:housekeeper] com.zaxxer.hikari.pool.PoolBase          : HikariPool-1 - Failed to validate connection ConnectionID:339 ClientConnectionId: 54116361-2f9e-4ba3-a52b-65ecc6792289 (La conexión está cerrada.). Possibly consider using a shorter maxLifetime value.
2026-09-26T09:20:26.560-05:00  WARN 1604 --- [MDSERP] [HikariPool-1:housekeeper] com.zaxxer.hikari.pool.PoolBase          : HikariPool-1 - Failed to validate connection ConnectionID:338 ClientConnectionId: ea60e0ab-85d4-41e8-9b93-5b3a213d9628 (La conexión está cerrada.). Possibly consider using a shorter maxLifetime value.
2026-09-26T09:20:51.198-05:00  WARN 1604 --- [MDSERP] [HikariPool-2:housekeeper] com.zaxxer.hikari.pool.PoolBase          : HikariPool-2 - Failed to validate connection ConnectionID:341 ClientConnectionId: c4c168ac-dcd8-46d6-b062-8e4d573f0010 (La conexión está cerrada.). Possibly consider using a shorter maxLifetime value.
2026-09-26T09:21:21.964-05:00  WARN 1604 --- [MDSERP] [HikariPool-2:housekeeper] com.zaxxer.hikari.pool.PoolBase          : HikariPool-2 - Failed to validate connection ConnectionID:342 ClientConnectionId: d0ff6f37-f8e6-45b1-b81b-ea25a9754aa3 (La conexión está cerrada.). Possibly consider using a shorter maxLifetime value.
2026-09-26T09:21:40.478-05:00  WARN 1604 --- [MDSERP] [HikariPool-1:housekeeper] com.zaxxer.hikari.pool.PoolBase          : HikariPool-1 - Failed to validate connection ConnectionID:344 ClientConnectionId: 2ce0b117-2670-452e-8fa5-e8585c4050be (La conexión está cerrada.). Possibly consider using a shorter maxLifetime value.
2026-09-26T09:21:51.113-05:00  WARN 1604 --- [MDSERP] [HikariPool-1:housekeeper] com.zaxxer.hikari.pool.PoolBase          : HikariPool-1 - Failed to validate connection ConnectionID:345 ClientConnectionId: f7787543-28e5-4093-b40f-bf364196356b (La conexión está cerrada.). Possibly consider using a shorter maxLifetime value.
2026-09-26T09:22:01.628-05:00  WARN 1604 --- [MDSERP] [HikariPool-1:housekeeper] com.zaxxer.hikari.pool.PoolBase          : HikariPool-1 - Failed to validate connection ConnectionID:343 ClientConnectionId: 624bd5e6-fbfe-416a-bbc3-ee7497440421 (La conexión está cerrada.). Possibly consider using a shorter maxLifetime value.
2026-09-26T09:23:09.944-05:00  WARN 1604 --- [MDSERP] [HikariPool-1:housekeeper] com.zaxxer.hikari.pool.PoolBase          : HikariPool-1 - Failed to validate connection ConnectionID:347 ClientConnectionId: dad05155-d0c1-4bf2-a73b-e59b6be88cba (La conexión está cerrada.). Possibly consider using a shorter maxLifetime value.
2026-09-26T09:24:37.184-05:00  WARN 1604 --- [MDSERP] [HikariPool-2:housekeeper] com.zaxxer.hikari.pool.PoolBase          : HikariPool-2 - Failed to validate connection ConnectionID:348 ClientConnectionId: ce540f8a-8c4b-4155-9f7b-42b8f03be966 (La conexión está cerrada.). Possibly consider using a shorter maxLifetime value.
2026-09-26T09:25:58.407-05:00  WARN 1604 --- [MDSERP] [HikariPool-1:housekeeper] com.zaxxer.hikari.pool.PoolBase          : HikariPool-1 - Failed to validate connection ConnectionID:349 ClientConnectionId: 960e18f1-5bcd-4486-9bbd-02a0a67406ae (La conexión está cerrada.). Possibly consider using a shorter maxLifetime value.
2026-09-26T09:27:17.331-05:00  WARN 1604 --- [MDSERP] [HikariPool-2:housekeeper] com.zaxxer.hikari.pool.PoolBase          : HikariPool-2 - Failed to validate connection ConnectionID:353 ClientConnectionId: 41661e6b-bcaf-4d33-8486-b7c88bec5fe5 (La conexión está cerrada.). Possibly consider using a shorter maxLifetime value.
2026-09-26T09:27:23.859-05:00  WARN 1604 --- [MDSERP] [HikariPool-1:housekeeper] com.zaxxer.hikari.pool.PoolBase          : HikariPool-1 - Failed to validate connection ConnectionID:355 ClientConnectionId: 5b95240c-2de9-4a58-965c-bb1577182e61 (La conexión está cerrada.). Possibly consider using a shorter maxLifetime value.
2026-09-26T09:28:06.748-05:00  WARN 1604 --- [MDSERP] [HikariPool-1:housekeeper] com.zaxxer.hikari.pool.PoolBase          : HikariPool-1 - Failed to validate connection ConnectionID:354 ClientConnectionId: 4a3f0871-13d5-4caf-902e-c7bee991a9e9 (La conexión está cerrada.). Possibly consider using a shorter maxLifetime value.
2026-09-26T09:28:30.548-05:00  WARN 1604 --- [MDSERP] [HikariPool-1:housekeeper] com.zaxxer.hikari.pool.PoolBase          : HikariPool-1 - Failed to validate connection ConnectionID:356 ClientConnectionId: 091d77fd-8ef5-4b29-adc5-d912e8dd06ef (La conexión está cerrada.). Possibly consider using a shorter maxLifetime value.
2026-09-26T09:28:42.548-05:00  WARN 1604 --- [MDSERP] [HikariPool-1:housekeeper] com.zaxxer.hikari.pool.PoolBase          : HikariPool-1 - Failed to validate connection ConnectionID:357 ClientConnectionId: 5b1f633d-7dec-49c2-8e4c-c94c90a73d28 (La conexión está cerrada.). Possibly consider using a shorter maxLifetime value.
2026-09-26T09:30:50.034-05:00  WARN 1604 --- [MDSERP] [HikariPool-1:housekeeper] com.zaxxer.hikari.pool.PoolBase          : HikariPool-1 - Failed to validate connection ConnectionID:360 ClientConnectionId: 8513cadd-b6ae-4a15-8cdd-b446111e5de5 (La conexión está cerrada.). Possibly consider using a shorter maxLifetime value.
2026-09-26T09:31:30.308-05:00  WARN 1604 --- [MDSERP] [HikariPool-1:housekeeper] com.zaxxer.hikari.pool.PoolBase          : HikariPool-1 - Failed to validate connection ConnectionID:361 ClientConnectionId: b2b53b36-5b16-4237-914f-ce8ec2ff8d5c (La conexión está cerrada.). Possibly consider using a shorter maxLifetime value.
2026-09-26T09:33:07.938-05:00  WARN 1604 --- [MDSERP] [HikariPool-2:housekeeper] com.zaxxer.hikari.pool.PoolBase          : HikariPool-2 - Failed to validate connection ConnectionID:362 ClientConnectionId: a7e123b0-411c-4c8b-b2f0-d17d77962fbd (La conexión está cerrada.). Possibly consider using a shorter maxLifetime value.
2026-09-26T09:33:56.362-05:00  WARN 1604 --- [MDSERP] [HikariPool-1:housekeeper] com.zaxxer.hikari.pool.PoolBase          : HikariPool-1 - Failed to validate connection ConnectionID:363 ClientConnectionId: 325fe972-9da8-4a17-9d1e-63a3ab25e05b (La conexión está cerrada.). Possibly consider using a shorter maxLifetime value.
2026-09-26T09:33:57.999-05:00  WARN 1604 --- [MDSERP] [HikariPool-1:housekeeper] com.zaxxer.hikari.pool.PoolBase          : HikariPool-1 - Failed to validate connection ConnectionID:366 ClientConnectionId: c1be4fac-009e-4e4e-b7a9-7bbd8cf8b788 (La conexión está cerrada.). Possibly consider using a shorter maxLifetime value.
2026-09-26T09:34:05.778-05:00  WARN 1604 --- [MDSERP] [HikariPool-1:housekeeper] com.zaxxer.hikari.pool.PoolBase          : HikariPool-1 - Failed to validate connection ConnectionID:364 ClientConnectionId: 6f13047a-aa65-4350-8cb1-56810509d14c (La conexión está cerrada.). Possibly consider using a shorter maxLifetime value.
2026-09-26T09:34:46.708-05:00  WARN 1604 --- [MDSERP] [HikariPool-2:housekeeper] com.zaxxer.hikari.pool.PoolBase          : HikariPool-2 - Failed to validate connection ConnectionID:365 ClientConnectionId: 60cdff99-59b9-4e61-8eb2-dfa0abb448a1 (La conexión está cerrada.). Possibly consider using a shorter maxLifetime value.
2026-09-26T09:35:14.601-05:00  WARN 1604 --- [MDSERP] [HikariPool-1:housekeeper] com.zaxxer.hikari.pool.PoolBase          : HikariPool-1 - Failed to validate connection ConnectionID:367 ClientConnectionId: d26e4e2c-0a4d-4bb1-8b62-75d852c45c43 (La conexión está cerrada.). Possibly consider using a shorter maxLifetime value.
2026-09-26T09:36:32.437-05:00  WARN 1604 --- [MDSERP] [HikariPool-2:housekeeper] com.zaxxer.hikari.pool.PoolBase          : HikariPool-2 - Failed to validate connection ConnectionID:368 ClientConnectionId: 407e6533-0837-4063-b6c8-efa297269c9b (La conexión está cerrada.). Possibly consider using a shorter maxLifetime value.
2026-09-26T09:37:02.159-05:00  WARN 1604 --- [MDSERP] [HikariPool-1:housekeeper] com.zaxxer.hikari.pool.PoolBase          : HikariPool-1 - Failed to validate connection ConnectionID:370 ClientConnectionId: 31098b36-ecb0-4394-aa42-9abca9241448 (La conexión está cerrada.). Possibly consider using a shorter maxLifetime value.
2026-09-26T09:38:24.760-05:00  WARN 1604 --- [MDSERP] [HikariPool-2:housekeeper] com.zaxxer.hikari.pool.PoolBase          : HikariPool-2 - Failed to validate connection ConnectionID:371 ClientConnectionId: 1c9d480d-bb21-47c9-821c-a3258125f90f (La conexión está cerrada.). Possibly consider using a shorter maxLifetime value.
2026-09-26T09:38:36.998-05:00  WARN 1604 --- [MDSERP] [HikariPool-2:housekeeper] com.zaxxer.hikari.pool.PoolBase          : HikariPool-2 - Failed to validate connection ConnectionID:372 ClientConnectionId: 0af43e99-850e-4947-a8da-3ed06685645b (La conexión está cerrada.). Possibly consider using a shorter maxLifetime value.
2026-09-26T09:39:25.774-05:00  WARN 1604 --- [MDSERP] [HikariPool-1:housekeeper] com.zaxxer.hikari.pool.PoolBase          : HikariPool-1 - Failed to validate connection ConnectionID:376 ClientConnectionId: 0f76cc4d-d426-4eef-833d-708e310ea8de (La conexión está cerrada.). Possibly consider using a shorter maxLifetime value.
2026-09-26T09:39:52.588-05:00  WARN 1604 --- [MDSERP] [HikariPool-1:housekeeper] com.zaxxer.hikari.pool.PoolBase          : HikariPool-1 - Failed to validate connection ConnectionID:375 ClientConnectionId: 79ffafb8-ba16-4779-a894-c424b7e5391e (La conexión está cerrada.). Possibly consider using a shorter maxLifetime value.
2026-09-26T09:40:44.238-05:00  WARN 1604 --- [MDSERP] [HikariPool-1:housekeeper] com.zaxxer.hikari.pool.PoolBase          : HikariPool-1 - Failed to validate connection ConnectionID:377 ClientConnectionId: 0e9b3d1d-274f-4a34-8710-99650c01435e (La conexión está cerrada.). Possibly consider using a shorter maxLifetime value.
2026-09-26T09:42:54.492-05:00  WARN 1604 --- [MDSERP] [HikariPool-1:housekeeper] com.zaxxer.hikari.pool.PoolBase          : HikariPool-1 - Failed to validate connection ConnectionID:381 ClientConnectionId: 6af39409-7c3a-4355-bd20-e0d1a5e597a4 (La conexión está cerrada.). Possibly consider using a shorter maxLifetime value.
2026-09-26T09:43:31.964-05:00  WARN 1604 --- [MDSERP] [HikariPool-2:housekeeper] com.zaxxer.hikari.pool.PoolBase          : HikariPool-2 - Failed to validate connection ConnectionID:382 ClientConnectionId: 585ec028-f7b8-4fea-aa23-1c97aaff639a (La conexión está cerrada.). Possibly consider using a shorter maxLifetime value.
2026-09-26T09:43:57.805-05:00  WARN 1604 --- [MDSERP] [HikariPool-2:housekeeper] com.zaxxer.hikari.pool.PoolBase          : HikariPool-2 - Failed to validate connection ConnectionID:384 ClientConnectionId: ddd05923-83c7-41db-82ba-a645059368cb (La conexión está cerrada.). Possibly consider using a shorter maxLifetime value.
2026-09-26T09:44:13.399-05:00  WARN 1604 --- [MDSERP] [HikariPool-2:housekeeper] com.zaxxer.hikari.pool.PoolBase          : HikariPool-2 - Failed to validate connection ConnectionID:383 ClientConnectionId: 014bb791-c9d5-4a70-94f4-72572884aa3c (La conexión está cerrada.). Possibly consider using a shorter maxLifetime value.
2026-09-26T09:45:30.546-05:00  WARN 1604 --- [MDSERP] [HikariPool-2:housekeeper] com.zaxxer.hikari.pool.PoolBase          : HikariPool-2 - Failed to validate connection ConnectionID:386 ClientConnectionId: 4049821d-b8f6-4d88-8c40-39414852c423 (La conexión está cerrada.). Possibly consider using a shorter maxLifetime value.
2026-09-26T09:45:41.607-05:00  WARN 1604 --- [MDSERP] [HikariPool-1:housekeeper] com.zaxxer.hikari.pool.PoolBase          : HikariPool-1 - Failed to validate connection ConnectionID:387 ClientConnectionId: 18adea80-c1a9-4511-98bc-1b8c7c8a7f23 (La conexión está cerrada.). Possibly consider using a shorter maxLifetime value.
2026-09-26T09:45:55.845-05:00  WARN 1604 --- [MDSERP] [HikariPool-1:housekeeper] com.zaxxer.hikari.pool.PoolBase          : HikariPool-1 - Failed to validate connection ConnectionID:385 ClientConnectionId: 783e01c5-0915-4602-b367-7a3b780ed86a (La conexión está cerrada.). Possibly consider using a shorter maxLifetime value.
2026-09-26T09:46:32.669-05:00  WARN 1604 --- [MDSERP] [HikariPool-1:housekeeper] com.zaxxer.hikari.pool.PoolBase          : HikariPool-1 - Failed to validate connection ConnectionID:388 ClientConnectionId: 95b3c628-17c8-4388-8867-0ad76cfa54f3 (La conexión está cerrada.). Possibly consider using a shorter maxLifetime value.
2026-09-26T09:46:39.188-05:00  WARN 1604 --- [MDSERP] [HikariPool-1:housekeeper] com.zaxxer.hikari.pool.PoolBase          : HikariPool-1 - Failed to validate connection ConnectionID:389 ClientConnectionId: f960766b-d25f-4238-a5cc-697cd0523306 (La conexión está cerrada.). Possibly consider using a shorter maxLifetime value.
2026-09-26T09:48:30.352-05:00  WARN 1604 --- [MDSERP] [HikariPool-1:housekeeper] com.zaxxer.hikari.pool.PoolBase          : HikariPool-1 - Failed to validate connection ConnectionID:390 ClientConnectionId: dea990c4-bfdc-47ad-bbbb-aeb3c455311c (La conexión está cerrada.). Possibly consider using a shorter maxLifetime value.
2026-09-26T09:49:14.997-05:00  WARN 1604 --- [MDSERP] [HikariPool-2:housekeeper] com.zaxxer.hikari.pool.PoolBase          : HikariPool-2 - Failed to validate connection ConnectionID:392 ClientConnectionId: e05738aa-bcbd-4bc0-88ac-d66188d6867a (La conexión está cerrada.). Possibly consider using a shorter maxLifetime value.
2026-09-26T09:49:29.590-05:00  WARN 1604 --- [MDSERP] [HikariPool-2:housekeeper] com.zaxxer.hikari.pool.PoolBase          : HikariPool-2 - Failed to validate connection ConnectionID:391 ClientConnectionId: 621dd24f-faed-4043-a1cb-f37c40f1d765 (La conexión está cerrada.). Possibly consider using a shorter maxLifetime value.
2026-09-26T09:51:08.134-05:00  WARN 1604 --- [MDSERP] [HikariPool-2:housekeeper] com.zaxxer.hikari.pool.PoolBase          : HikariPool-2 - Failed to validate connection ConnectionID:395 ClientConnectionId: 1b746641-26d2-4ce6-a75a-b64642e2d505 (La conexión está cerrada.). Possibly consider using a shorter maxLifetime value.
2026-09-26T09:52:10.698-05:00  WARN 1604 --- [MDSERP] [HikariPool-2:housekeeper] com.zaxxer.hikari.pool.PoolBase          : HikariPool-2 - Failed to validate connection ConnectionID:394 ClientConnectionId: 6de86617-fd35-4f3e-9fad-41fa936d0b7c (La conexión está cerrada.). Possibly consider using a shorter maxLifetime value.
2026-09-26T09:52:18.053-05:00  WARN 1604 --- [MDSERP] [HikariPool-1:housekeeper] com.zaxxer.hikari.pool.PoolBase          : HikariPool-1 - Failed to validate connection ConnectionID:399 ClientConnectionId: 66a424d3-b1ed-4b15-93bc-7facaa888cd4 (La conexión está cerrada.). Possibly consider using a shorter maxLifetime value.
2026-09-26T09:52:24.721-05:00  WARN 1604 --- [MDSERP] [HikariPool-1:housekeeper] com.zaxxer.hikari.pool.PoolBase          : HikariPool-1 - Failed to validate connection ConnectionID:400 ClientConnectionId: 2b5a1b25-c9a6-487a-a570-09e6598b2b1a (La conexión está cerrada.). Possibly consider using a shorter maxLifetime value.
2026-09-26T09:52:35.130-05:00  WARN 1604 --- [MDSERP] [HikariPool-1:housekeeper] com.zaxxer.hikari.pool.PoolBase          : HikariPool-1 - Failed to validate connection ConnectionID:397 ClientConnectionId: 1e246f6c-160c-4c4a-957b-27ed30ea7c9a (La conexión está cerrada.). Possibly consider using a shorter maxLifetime value.
2026-09-26T09:52:39.083-05:00  WARN 1604 --- [MDSERP] [HikariPool-2:housekeeper] com.zaxxer.hikari.pool.PoolBase          : HikariPool-2 - Failed to validate connection ConnectionID:402 ClientConnectionId: d7564655-d8ec-4fda-9739-a12ba3bcfa34 (La conexión está cerrada.). Possibly consider using a shorter maxLifetime value.
2026-09-26T09:52:46.121-05:00  WARN 1604 --- [MDSERP] [HikariPool-1:housekeeper] com.zaxxer.hikari.pool.PoolBase          : HikariPool-1 - Failed to validate connection ConnectionID:401 ClientConnectionId: 6d40f8dc-d89b-4566-b4f5-2c4b47547871 (La conexión está cerrada.). Possibly consider using a shorter maxLifetime value.
2026-09-26T09:52:58.748-05:00  WARN 1604 --- [MDSERP] [HikariPool-1:housekeeper] com.zaxxer.hikari.pool.PoolBase          : HikariPool-1 - Failed to validate connection ConnectionID:398 ClientConnectionId: e6aa623b-7313-47b1-b4c1-deb5b960acbe (La conexión está cerrada.). Possibly consider using a shorter maxLifetime value.
2026-09-26T09:55:15.103-05:00  WARN 1604 --- [MDSERP] [HikariPool-1:housekeeper] com.zaxxer.hikari.pool.PoolBase          : HikariPool-1 - Failed to validate connection ConnectionID:403 ClientConnectionId: e28f7b9d-c7dc-4a56-a5a8-c798be302349 (La conexión está cerrada.). Possibly consider using a shorter maxLifetime value.
2026-09-26T09:55:27.253-05:00  WARN 1604 --- [MDSERP] [HikariPool-2:housekeeper] com.zaxxer.hikari.pool.PoolBase          : HikariPool-2 - Failed to validate connection ConnectionID:405 ClientConnectionId: 5ee8e245-30ea-4205-9c86-f3c102ccacc6 (La conexión está cerrada.). Possibly consider using a shorter maxLifetime value.
2026-09-26T09:57:47.698-05:00  WARN 1604 --- [MDSERP] [HikariPool-2:housekeeper] com.zaxxer.hikari.pool.PoolBase          : HikariPool-2 - Failed to validate connection ConnectionID:406 ClientConnectionId: 393421c3-7ad4-44ea-b4fe-f96cf017bcde (La conexión está cerrada.). Possibly consider using a shorter maxLifetime value.
2026-09-26T09:57:59.011-05:00  WARN 1604 --- [MDSERP] [HikariPool-2:housekeeper] com.zaxxer.hikari.pool.PoolBase          : HikariPool-2 - Failed to validate connection ConnectionID:407 ClientConnectionId: 15fb69ac-7f59-43c1-9c36-bc874cca0f08 (La conexión está cerrada.). Possibly consider using a shorter maxLifetime value.
2026-09-26T09:58:35.795-05:00  WARN 1604 --- [MDSERP] [HikariPool-1:housekeeper] com.zaxxer.hikari.pool.PoolBase          : HikariPool-1 - Failed to validate connection ConnectionID:412 ClientConnectionId: 7db63ab0-f7b4-44da-b972-ce55f2125560 (La conexión está cerrada.). Possibly consider using a shorter maxLifetime value.
2026-09-26T09:59:03.002-05:00  WARN 1604 --- [MDSERP] [HikariPool-1:housekeeper] com.zaxxer.hikari.pool.PoolBase          : HikariPool-1 - Failed to validate connection ConnectionID:409 ClientConnectionId: 976c8878-a33f-4fbe-9dfc-9dc65b8f20c5 (La conexión está cerrada.). Possibly consider using a shorter maxLifetime value.
2026-09-26T09:59:09.245-05:00  WARN 1604 --- [MDSERP] [HikariPool-1:housekeeper] com.zaxxer.hikari.pool.PoolBase          : HikariPool-1 - Failed to validate connection ConnectionID:410 ClientConnectionId: 2d51073c-b721-4509-a572-c0cd4a8f3bff (La conexión está cerrada.). Possibly consider using a shorter maxLifetime value.
2026-09-26T09:59:49.286-05:00  WARN 1604 --- [MDSERP] [HikariPool-2:housekeeper] com.zaxxer.hikari.pool.PoolBase          : HikariPool-2 - Failed to validate connection ConnectionID:414 ClientConnectionId: 5c683217-be76-4f8c-a76e-c09e21e0cd88 (La conexión está cerrada.). Possibly consider using a shorter maxLifetime value.
2026-09-26T10:00:36.498-05:00  WARN 1604 --- [MDSERP] [HikariPool-1:housekeeper] com.zaxxer.hikari.pool.PoolBase          : HikariPool-1 - Failed to validate connection ConnectionID:415 ClientConnectionId: a66378a7-2763-47fe-b29e-5e5a8db49f8a (La conexión está cerrada.). Possibly consider using a shorter maxLifetime value.
2026-09-26T10:02:00.178-05:00  WARN 1604 --- [MDSERP] [HikariPool-1:housekeeper] com.zaxxer.hikari.pool.PoolBase          : HikariPool-1 - Failed to validate connection ConnectionID:416 ClientConnectionId: a4c20c18-ba36-47aa-b585-e5695fec6ff4 (La conexión está cerrada.). Possibly consider using a shorter maxLifetime value.
2026-09-26T10:03:11.753-05:00  WARN 1604 --- [MDSERP] [HikariPool-2:housekeeper] com.zaxxer.hikari.pool.PoolBase          : HikariPool-2 - Failed to validate connection ConnectionID:419 ClientConnectionId: a2399095-d761-4149-817d-a03e35743c9f (La conexión está cerrada.). Possibly consider using a shorter maxLifetime value.
2026-09-26T10:03:28.317-05:00  WARN 1604 --- [MDSERP] [HikariPool-2:housekeeper] com.zaxxer.hikari.pool.PoolBase          : HikariPool-2 - Failed to validate connection ConnectionID:420 ClientConnectionId: ed95a45b-f488-440c-a652-9b2bb7366635 (La conexión está cerrada.). Possibly consider using a shorter maxLifetime value.
2026-09-26T10:03:54.786-05:00  WARN 1604 --- [MDSERP] [HikariPool-2:housekeeper] com.zaxxer.hikari.pool.PoolBase          : HikariPool-2 - Failed to validate connection ConnectionID:421 ClientConnectionId: f27541b0-ae0d-4622-95ff-9a24e4f9323c (La conexión está cerrada.). Possibly consider using a shorter maxLifetime value.
2026-09-26T10:04:22.933-05:00  WARN 1604 --- [MDSERP] [HikariPool-1:housekeeper] com.zaxxer.hikari.pool.PoolBase          : HikariPool-1 - Failed to validate connection ConnectionID:422 ClientConnectionId: 4fb6e9ce-b674-4bdd-b373-18c63d7e823c (La conexión está cerrada.). Possibly consider using a shorter maxLifetime value.
2026-09-26T10:05:02.999-05:00  WARN 1604 --- [MDSERP] [HikariPool-1:housekeeper] com.zaxxer.hikari.pool.PoolBase          : HikariPool-1 - Failed to validate connection ConnectionID:425 ClientConnectionId: 963f078f-a83a-434a-a3ce-d113feec8c05 (La conexión está cerrada.). Possibly consider using a shorter maxLifetime value.
2026-09-26T10:05:16.197-05:00  WARN 1604 --- [MDSERP] [HikariPool-1:housekeeper] com.zaxxer.hikari.pool.PoolBase          : HikariPool-1 - Failed to validate connection ConnectionID:423 ClientConnectionId: 0e8887c0-71aa-49a1-a910-96f669b780b0 (La conexión está cerrada.). Possibly consider using a shorter maxLifetime value.
2026-09-26T10:05:17.690-05:00  WARN 1604 --- [MDSERP] [HikariPool-2:housekeeper] com.zaxxer.hikari.pool.PoolBase          : HikariPool-2 - Failed to validate connection ConnectionID:426 ClientConnectionId: 60241587-c43a-4b3c-a5e1-2072928acf4c (La conexión está cerrada.). Possibly consider using a shorter maxLifetime value.
2026-09-26T10:05:46.616-05:00  WARN 1604 --- [MDSERP] [HikariPool-2:housekeeper] com.zaxxer.hikari.pool.PoolBase          : HikariPool-2 - Failed to validate connection ConnectionID:427 ClientConnectionId: 8ce6144e-3438-4c4b-8ae0-7559aba242b4 (La conexión está cerrada.). Possibly consider using a shorter maxLifetime value.
2026-09-26T10:06:35.774-05:00  WARN 1604 --- [MDSERP] [HikariPool-1:housekeeper] com.zaxxer.hikari.pool.PoolBase          : HikariPool-1 - Failed to validate connection ConnectionID:428 ClientConnectionId: b373bd8f-ee23-46a0-8e6c-b9e4afe78da0 (La conexión está cerrada.). Possibly consider using a shorter maxLifetime value.
